[boldcapitalpartners.com/index.html]
[backblue.gif]
[fade.gif]
[index.html]
[boldcapitalpartners.com/superpwa-manifest.json]
[assets.boldcapitalpartners.com/wp-content/plugins/search-filter-pro/public/assets/css/search-filter.mine64e.css]
[assets.boldcapitalpartners.com/wp-content/themes/bold/assets/dist/styles/mainfdc2.css]
[boldcapitalpartners.com/wp-json/wp/v2/pages/2.html]
[boldcapitalpartners.com/xmlrpc0db0.php]
[boldcapitalpartners.com/wp-json/oembed/1.0/embed9006.json]
[boldcapitalpartners.com/wp-json/oembed/1.0/embed2d2c]
[assets.boldcapitalpartners.com/wp-content/uploads/2021/11/cropped-favicon0dd7.png]
[assets.boldcapitalpartners.com/wp-content/uploads/2021/11/cropped-favicon0d56.png]
[assets.boldcapitalpartners.com/wp-content/uploads/2021/11/cropped-favicon2b14.png]
[cdn-cookieyes.com/client_data/34e9a036abd943e2b5d05fdf/script.js]
[assets.boldcapitalpartners.com/wp-content/uploads/2023/05/05-90859010-humanoid-robot0dd9.jpg]
[boldcapitalpartners.com/investor-portal/index.html]
[assets.boldcapitalpartners.com/wp-content/uploads/2023/05/05-90859010-humanoid-robot858a.jpg]
[boldcapitalpartners.com/team/index.html]
[boldcapitalpartners.com/companies/index.html]
[boldcapitalpartners.com/contact/index.html]
[boldcapitalpartners.com/news/index.html]
[boldcapitalpartners.com/careers/index.html]
[boldcapitalpartners.com/company/omeat/index.html]
[boldcapitalpartners.com/company/figure-ai/index.html]
[assets.boldcapitalpartners.com/wp-content/uploads/2022/09/omeat-tm-white-logo3fa6.png]
[assets.boldcapitalpartners.com/wp-content/uploads/2022/09/omeat-tm-white-logod362.png]
[assets.boldcapitalpartners.com/wp-content/uploads/2022/09/Omeata65f.jpg]
[assets.boldcapitalpartners.com/wp-content/uploads/2022/09/Omeatc7de.jpg]
[assets.boldcapitalpartners.com/wp-content/uploads/2023/04/ImmunisRetinaW3fa6.png]
[assets.boldcapitalpartners.com/wp-content/uploads/2023/04/ImmunisRetinaWd362.png]
[assets.boldcapitalpartners.com/wp-content/uploads/2023/02/Immunis_Lab_Pictureaf0e.jpg]
[assets.boldcapitalpartners.com/wp-content/uploads/2023/02/Immunis_Lab_Picture5afc.jpg]
[assets.boldcapitalpartners.com/wp-content/uploads/2022/03/Relativity-13fa6.png]
[boldcapitalpartners.com/company/immunis-biomedical/index.html]
[assets.boldcapitalpartners.com/wp-content/uploads/2022/03/Relativity-1d362.jpg]
[assets.boldcapitalpartners.com/wp-content/uploads/2023/06/64520f744285856b68c103b4_Burger_Bite_02_0149-Edit23fa6.png]
[assets.boldcapitalpartners.com/wp-content/uploads/2023/06/64520f744285856b68c103b4_Burger_Bite_02_0149-Edit2d362.png]
[assets.boldcapitalpartners.com/wp-content/uploads/2023/06/6465b2fc4311273dda00b06c_cow-1@2x-p-16003fa6.png]
[assets.boldcapitalpartners.com/wp-content/uploads/2023/06/6465b2fc4311273dda00b06c_cow-1@2x-p-1600d362.png]
[assets.boldcapitalpartners.com/wp-content/uploads/2022/09/omeat-founder-ali-khademhosseini3fa6.jpg]
[assets.boldcapitalpartners.com/wp-content/uploads/2022/09/omeat-founder-ali-khademhosseinid362.jpg]
[assets.boldcapitalpartners.com/wp-content/uploads/2021/11/6333d660ebc3d8e77e4c555e_63225a7eb7e152a42c73b749_Mask-group-min-13fa6.png]
[assets.boldcapitalpartners.com/wp-content/uploads/2021/11/6333d660ebc3d8e77e4c555e_63225a7eb7e152a42c73b749_Mask-group-min-1d362.png]
[assets.boldcapitalpartners.com/wp-content/uploads/2021/11/6322540af8793fda3016e7cd_Website_Image_Alignmentgif-e16826310583313fa6.jpg]
[assets.boldcapitalpartners.com/wp-content/uploads/2021/11/6322540af8793fda3016e7cd_Website_Image_Alignmentgif-e1682631058331d362.png]
[assets.boldcapitalpartners.com/wp-content/uploads/2021/11/15162596213783fa6.jpg]
[assets.boldcapitalpartners.com/wp-content/uploads/2021/11/1516259621378d362.jpg]
[assets.boldcapitalpartners.com/wp-content/uploads/2023/05/Humanoid_Walking_Mobile_-Tall-3fa6.jpg]
[assets.boldcapitalpartners.com/wp-content/uploads/2023/05/Humanoid_Walking_Mobile_-Tall-d362.jpg]
[assets.boldcapitalpartners.com/wp-content/uploads/2023/05/Brett-Adcock_670x742-23fa6.jpg]
[assets.boldcapitalpartners.com/wp-content/uploads/2023/05/Brett-Adcock_670x742-2d362.jpg]
[assets.boldcapitalpartners.com/wp-content/uploads/2021/11/1200x9433fa6.jpg]
[assets.boldcapitalpartners.com/wp-content/uploads/2021/11/1200x943d362.jpg]
[assets.boldcapitalpartners.com/wp-content/uploads/2021/11/Ben-Mural-e16826283578263fa6.png]
[assets.boldcapitalpartners.com/wp-content/uploads/2021/11/Ben-Mural-e1682628357826d362.jpg]
[assets.boldcapitalpartners.com/wp-content/uploads/2021/11/pyka-cargo-load-e16826285472123fa6.jpg]
[assets.boldcapitalpartners.com/wp-content/uploads/2021/11/pyka-cargo-load-e1682628547212d362.jpg]
[boldcapitalpartners.com/company/pyka/index.html]
[assets.boldcapitalpartners.com/wp-content/uploads/2021/11/IMG_Pelican1-848x565-13fa6.jpg]
[assets.boldcapitalpartners.com/wp-content/uploads/2021/11/IMG_Pelican1-848x565-1d362.jpg]
[boldcapitalpartners.com/company/colossal/index.html]
[assets.boldcapitalpartners.com/wp-content/uploads/2021/11/michael-norcia-head-400x500-13fa6.png]
[assets.boldcapitalpartners.com/wp-content/uploads/2021/11/michael-norcia-head-400x500-1d362.png]
[assets.boldcapitalpartners.com/wp-content/uploads/2021/11/photo-1564325724739-bae0bd08762c-scaled3fa6.png]
[assets.boldcapitalpartners.com/wp-content/uploads/2021/11/photo-1564325724739-bae0bd08762c-scaledd362.jpg]
[assets.boldcapitalpartners.com/wp-content/uploads/2021/11/photo-1599652749620-e45b7f38988e-scaled3fa6.png]
[assets.boldcapitalpartners.com/wp-content/uploads/2021/11/photo-1599652749620-e45b7f38988e-scaledd362.jpg]
[assets.boldcapitalpartners.com/wp-content/uploads/2021/10/andrew-neel-ute2XAFQU2I-unsplash-e16388002138833fa6.png]
[assets.boldcapitalpartners.com/wp-content/uploads/2021/10/andrew-neel-ute2XAFQU2I-unsplash-e1638800213883d362.jpg]
[assets.boldcapitalpartners.com/wp-content/plugins/ewww-image-optimizer/includes/lazysizes.min6ce8.js]
[assets.boldcapitalpartners.com/wp-content/plugins/super-progressive-web-apps/public/js/register-sw5098.js]
[assets.boldcapitalpartners.com/wp-content/themes/bold/assets/dist/scripts/app7314.js]
[boldcapitalpartners.com/index.html]
[boldcapitalpartners.com/xmlrpc.php]
[assets.boldcapitalpartners.com/wp-content/themes/bold/assets/dist/scripts/vendors8c54.js]
[boldcapitalpartners.com/privacy/index.html]
[cdn.jsdelivr.net/combine/npm/gsap@3.8.0,npm/gsap@3.8.0/dist/ScrollTrigger.min.js,npm/flickity@2.2.2/dist/flickity.pkgd.minec7a.js]
[assets.boldcapitalpartners.com/wp-content/plugins/search-filter-pro/public/assets/css/chosen-sprite.png]
[assets.boldcapitalpartners.com/wp-content/plugins/search-filter-pro/public/assets/css/chosen-sprite@2x.png]
[assets.boldcapitalpartners.com/wp-content/plugins/search-filter-pro/public/assets/img/ui-icons_ffffff_256x240.png]
[assets.boldcapitalpartners.com/wp-content/plugins/search-filter-pro/public/assets/css/search-filter.mine64e.css]
[assets.boldcapitalpartners.com/wp-content/themes/bold/assets/dist/images/pattern--lines-1.png]
[assets.boldcapitalpartners.com/wp-content/themes/bold/assets/dist/images/header_bg-pattern.png]
[assets.boldcapitalpartners.com/wp-content/themes/bold/assets/dist/styles/mainfdc2.css]
[boldcapitalpartners.com/wp-json/wp/v2/pages/2.html]
[boldcapitalpartners.com/wp-json/wp/v2/pages/576.html]
[boldcapitalpartners.com/wp-json/oembed/1.0/embed55b9.json]
[boldcapitalpartners.com/wp-json/oembed/1.0/embeddc28]
[boldcapitalpartners.com/wp-json/index.html]
[assets.boldcapitalpartners.com/wp-includes/js/dist/vendor/wp-polyfill-inert.min0226.js]
[assets.boldcapitalpartners.com/wp-includes/js/dist/vendor/regenerator-runtime.min8fa4.js]
[assets.boldcapitalpartners.com/wp-includes/js/dist/vendor/wp-polyfill.min2c7c.js]
[assets.boldcapitalpartners.com/wp-includes/js/dist/dom-ready.minded6.js]
[assets.boldcapitalpartners.com/wp-includes/js/dist/hooks.min2ebd.js]
[assets.boldcapitalpartners.com/wp-includes/js/dist/i18n.minf92f.js]
[assets.boldcapitalpartners.com/wp-includes/js/dist/a11y.min866e.js]
[assets.boldcapitalpartners.com/wp-content/plugins/gravityforms/js/jquery.json.min670c.js]
[assets.boldcapitalpartners.com/wp-content/plugins/gravityforms/js/gravityforms.min670c.js]
[assets.boldcapitalpartners.com/wp-content/plugins/gravityforms/js/placeholders.jquery.min670c.js]
[assets.boldcapitalpartners.com/wp-content/plugins/gravityforms/assets/js/dist/vendor-theme.minb7e3.js]
[assets.boldcapitalpartners.com/wp-content/plugins/gravityforms/assets/js/dist/utils.minc64e.js]
[boldcapitalpartners.com/investor-portal/index.html]
[assets.boldcapitalpartners.com/wp-content/plugins/gravityforms/assets/js/dist/scripts-theme.min5eab.js]
[boldcapitalpartners.com/wp-json/oembed/1.0/embed5b4f.json]
[boldcapitalpartners.com/wp-json/oembed/1.0/embedfa22]
[assets.boldcapitalpartners.com/wp-content/uploads/2021/10/Ferris-wheel3fa6.jpg]
[assets.boldcapitalpartners.com/wp-content/uploads/2021/10/Ferris-wheeld362.jpg]
[assets.boldcapitalpartners.com/wp-content/themes/bold/assets/dist/images/pattern--lines-23fa6.png]
[assets.boldcapitalpartners.com/wp-content/themes/bold/assets/dist/images/pattern--lines-2d362.png]
[boldcapitalpartners.com/contact/index.html]
[boldcapitalpartners.com/wp-json/wp/v2/pages/321.html]
[boldcapitalpartners.com/wp-json/oembed/1.0/embed7a68.json]
[boldcapitalpartners.com/wp-json/oembed/1.0/embed321b]
[assets.boldcapitalpartners.com/wp-content/uploads/2021/10/Team-Hero-scaledd362.jpg]
[assets.boldcapitalpartners.com/wp-content/uploads/2021/11/Teymour-Full-Page-1-e1639086449651d362.jpg]
[assets.boldcapitalpartners.com/wp-content/uploads/2021/11/Teymour-Headshotd362.jpg]
[assets.boldcapitalpartners.com/wp-content/uploads/2021/11/Neal-Full-Page-1-e1639085935222d362.jpg]
[assets.boldcapitalpartners.com/wp-content/uploads/2021/11/Neal-Headshotd362.jpg]
[boldcapitalpartners.com/team/neal-bhadkamkar/index.html]
[assets.boldcapitalpartners.com/wp-content/uploads/2021/11/Emilio-Full-Page-1-e1639086322945d362.jpg]
[assets.boldcapitalpartners.com/wp-content/uploads/2021/11/Emilio-Headshotd362.jpg]
[assets.boldcapitalpartners.com/wp-content/uploads/2023/09/Helen_0175-1-e1694032667585d362.jpg]
[boldcapitalpartners.com/team/helen-mcbride/index.html]
[assets.boldcapitalpartners.com/wp-content/uploads/2021/11/Peter-Full-Page2-1-e1639086249904d362.jpg]
[boldcapitalpartners.com/team/emilio-diez-barroso/index.html]
[boldcapitalpartners.com/team/peter-diamandis/index.html]
[assets.boldcapitalpartners.com/wp-content/uploads/2021/11/Peter-Headshotd362.jpg]
[assets.boldcapitalpartners.com/wp-content/uploads/2021/11/Will-Headshotd362.jpg]
[assets.boldcapitalpartners.com/wp-content/uploads/2021/12/FShud362.jpg]
[boldcapitalpartners.com/team/will-borthwick/index.html]
[boldcapitalpartners.com/team/felicia-hsu/index.html]
[assets.boldcapitalpartners.com/wp-content/uploads/2021/12/IMG_0930-2-e1675985788418d362.jpg]
[boldcapitalpartners.com/team/mignon-xu/index.html]
[assets.boldcapitalpartners.com/wp-content/uploads/2021/12/WM-Maind362.jpg]
[assets.boldcapitalpartners.com/wp-content/uploads/2021/12/headshot-2d362.jpg]
[boldcapitalpartners.com/team/william-meeker/index.html]
[assets.boldcapitalpartners.com/wp-content/uploads/2021/11/NANCI_BOLD_website_00092d362.jpg]
[assets.boldcapitalpartners.com/wp-content/uploads/2021/12/D46A6818_Daglar_Cizmeci_Knightsbridge_London_by_professional_portrait_photographer_Andrew_Ogilvy_Photographyd362.png]
[boldcapitalpartners.com/team/nanci-del-pico/index.html]
[boldcapitalpartners.com/team/daglar-cizmeci/index.html]
[assets.boldcapitalpartners.com/wp-content/uploads/2021/12/Daglar-Cizmecid362.jpg]
[boldcapitalpartners.com/team/matt-grob/index.html]
[assets.boldcapitalpartners.com/wp-content/uploads/2021/11/Matt-Grob-1d362.jpg]
[assets.boldcapitalpartners.com/wp-content/uploads/2021/11/daniel-kraft-1d362.jpg]
[assets.boldcapitalpartners.com/wp-content/uploads/2021/11/Ysette-page2-1-e1639086501396d362.jpg]
[boldcapitalpartners.com/team/daniel-kraft/index.html]
[boldcapitalpartners.com/team/ysette-witteveen/index.html]
[assets.boldcapitalpartners.com/wp-content/uploads/2021/11/Ysette-headshot-2d362.jpg]
[boldcapitalpartners.com/team/sergey-young/index.html]
[assets.boldcapitalpartners.com/wp-content/uploads/2021/11/Sergey-Youngd362.jpg]
[assets.boldcapitalpartners.com/wp-content/uploads/2023/05/1-1d362.jpg]
[boldcapitalpartners.com/team/rana-el-kaliouby/index.html]
[assets.boldcapitalpartners.com/wp-content/uploads/2023/05/2d362.jpg]
[assets.boldcapitalpartners.com/wp-content/uploads/2021/12/DNA-Red-23fa6.jpg]
[assets.boldcapitalpartners.com/wp-content/uploads/2021/12/DNA-Red-2d362.jpg]
[boldcapitalpartners.com/team/index.html]
[boldcapitalpartners.com/wp-json/wp/v2/pages/323.html]
[boldcapitalpartners.com/wp-json/oembed/1.0/embedb736.json]
[boldcapitalpartners.com/wp-json/oembed/1.0/embed408b]
[assets.boldcapitalpartners.com/wp-content/uploads/2022/04/Mojo-Vision3fa6.png]
[assets.boldcapitalpartners.com/wp-content/uploads/2022/04/Mojo-Visiond362.jpg]
[assets.boldcapitalpartners.com/wp-content/uploads/2021/11/AliveCor-2b2f4.jpg]
[assets.boldcapitalpartners.com/wp-content/uploads/2021/11/AliveCor-2ed1e.jpg]
[boldcapitalpartners.com/company/alivecor/index.html]
[assets.boldcapitalpartners.com/wp-content/uploads/2021/11/bionaut_background4394.png]
[boldcapitalpartners.com/company/bionaut-labs/index.html]
[assets.boldcapitalpartners.com/wp-content/uploads/2021/11/bionaut_background70d0.jpg]
[assets.boldcapitalpartners.com/wp-content/uploads/2021/11/cover_epharmix8428.jpg]
[assets.boldcapitalpartners.com/wp-content/uploads/2021/11/cover_epharmix2cac.jpg]
[boldcapitalpartners.com/company/caresignal/index.html]
[assets.boldcapitalpartners.com/wp-content/uploads/2021/11/2560px-Woolly_mammoth_model_Royal_BC_Museum_in_Victoria16dd.jpg]
[assets.boldcapitalpartners.com/wp-content/uploads/2021/11/2560px-Woolly_mammoth_model_Royal_BC_Museum_in_Victoria446e.jpg]
[assets.boldcapitalpartners.com/wp-content/uploads/2021/11/cover_curebase0dd9.jpg]
[assets.boldcapitalpartners.com/wp-content/uploads/2021/11/cover_curebase858a.jpg]
[boldcapitalpartners.com/company/curebase/index.html]
[assets.boldcapitalpartners.com/wp-content/uploads/2022/09/hans-reniers-lQGJCMY5qcM-unsplasha65f.jpg]
[boldcapitalpartners.com/company/deciduous-therapeutics/index.html]
[assets.boldcapitalpartners.com/wp-content/uploads/2022/09/hans-reniers-lQGJCMY5qcM-unsplashc7de.jpg]
[assets.boldcapitalpartners.com/wp-content/uploads/2021/11/uriel-sc-11KDtiUWRq4-unsplash-scaled-1f1c8.jpg]
[boldcapitalpartners.com/company/deep-longevity/index.html]
[assets.boldcapitalpartners.com/wp-content/uploads/2021/11/uriel-sc-11KDtiUWRq4-unsplash-scaled-16d8f.jpg]
[assets.boldcapitalpartners.com/wp-content/uploads/2021/11/DB-backgrounda65f.jpg]
[assets.boldcapitalpartners.com/wp-content/uploads/2021/11/DB-backgroundc7de.jpg]
[assets.boldcapitalpartners.com/wp-content/uploads/2021/11/cover_elevian0dd9.jpg]
[boldcapitalpartners.com/company/docbot/index.html]
[assets.boldcapitalpartners.com/wp-content/uploads/2021/11/cover_elevian858a.jpg]
[assets.boldcapitalpartners.com/wp-content/uploads/2021/11/Exo-2b2f4.jpg]
[boldcapitalpartners.com/company/exo/index.html]
[boldcapitalpartners.com/company/elevian/index.html]
[assets.boldcapitalpartners.com/wp-content/uploads/2021/11/Exo-2ed1e.jpg]
[assets.boldcapitalpartners.com/wp-content/uploads/2023/02/Form-Bio-Leadership0dd9.jpg]
[assets.boldcapitalpartners.com/wp-content/uploads/2023/02/Form-Bio-Leadership858a.jpg]
[boldcapitalpartners.com/company/form-bio/index.html]
[assets.boldcapitalpartners.com/wp-content/uploads/2021/11/Fountain-Backgrounda65f.jpg]
[assets.boldcapitalpartners.com/wp-content/uploads/2021/11/Fountain-Backgroundc7de.jpg]
[boldcapitalpartners.com/company/fountain-therapeutic-services/index.html]
[assets.boldcapitalpartners.com/wp-content/uploads/2021/11/Gallant-Background8101.png]
[boldcapitalpartners.com/company/gallant-pet/index.html]
[assets.boldcapitalpartners.com/wp-content/uploads/2021/11/Gallant-Backgroundc537.jpg]
[assets.boldcapitalpartners.com/wp-content/uploads/2022/01/human-oocyteac90.jpg]
[assets.boldcapitalpartners.com/wp-content/uploads/2022/01/human-oocyte31e0.jpg]
[boldcapitalpartners.com/company/gameto/index.html]
[assets.boldcapitalpartners.com/wp-content/uploads/2021/11/holoclara_backgrouind-scaled-166d8.jpg]
[assets.boldcapitalpartners.com/wp-content/uploads/2021/11/holoclara_backgrouind-scaled-1c930.jpg]
[assets.boldcapitalpartners.com/wp-content/uploads/2021/11/himr8108.jpg]
[assets.boldcapitalpartners.com/wp-content/uploads/2021/11/himr7f30.jpg]
[assets.boldcapitalpartners.com/wp-content/uploads/2021/11/cover_insilicoee1e.jpg]
[boldcapitalpartners.com/company/holoclara/index.html]
[boldcapitalpartners.com/company/human-in-motion-robotics/index.html]
[assets.boldcapitalpartners.com/wp-content/uploads/2021/11/cover_insilico9643.jpg]
[assets.boldcapitalpartners.com/wp-content/uploads/2021/11/cover_iota409b.jpg]
[boldcapitalpartners.com/company/insilico-medicine/index.html]
[assets.boldcapitalpartners.com/wp-content/uploads/2021/11/cover_iota23bd.jpg]
[boldcapitalpartners.com/company/iota-biosciences/index.html]
[assets.boldcapitalpartners.com/wp-content/uploads/2021/11/cover_ivavaed7c.jpg]
[boldcapitalpartners.com/company/iviva-medical/index.html]
[assets.boldcapitalpartners.com/wp-content/uploads/2021/11/cover_ivava1c39.jpg]
[assets.boldcapitalpartners.com/wp-content/uploads/2022/11/national-cancer-institute-L8tWZT4CcVQ-unsplasha65f.jpg]
[assets.boldcapitalpartners.com/wp-content/uploads/2022/11/national-cancer-institute-L8tWZT4CcVQ-unsplashc7de.jpg]
[boldcapitalpartners.com/company/keycare/index.html]
[assets.boldcapitalpartners.com/wp-content/uploads/2021/11/green-leaf-1767220dd9.jpg]
[assets.boldcapitalpartners.com/wp-content/uploads/2021/11/green-leaf-176722858a.jpg]
[assets.boldcapitalpartners.com/wp-content/uploads/2021/11/cover_openwater-scaleda65f.jpg]
[boldcapitalpartners.com/company/meru-health/index.html]
[boldcapitalpartners.com/company/openwater/index.html]
[assets.boldcapitalpartners.com/wp-content/uploads/2021/11/cover_openwater-scaledc7de.jpg]
[assets.boldcapitalpartners.com/wp-content/uploads/2021/11/cover_oura0048.jpg]
[assets.boldcapitalpartners.com/wp-content/uploads/2021/11/cover_oura6230.jpg]
[boldcapitalpartners.com/company/oura-health/index.html]
[assets.boldcapitalpartners.com/wp-content/uploads/2021/11/Proprio-Background6636.png]
[assets.boldcapitalpartners.com/wp-content/uploads/2021/11/Proprio-Background78cb.jpg]
[assets.boldcapitalpartners.com/wp-content/uploads/2021/11/cover_seed2cf3.jpg]
[assets.boldcapitalpartners.com/wp-content/uploads/2021/11/cover_seedec4b.jpg]
[boldcapitalpartners.com/company/seed/index.html]
[assets.boldcapitalpartners.com/wp-content/uploads/2022/09/sangharsh-lohakare-8o_LkMpo8ug-unsplash0dd9.jpg]
[assets.boldcapitalpartners.com/wp-content/uploads/2022/09/sangharsh-lohakare-8o_LkMpo8ug-unsplash858a.jpg]
[boldcapitalpartners.com/company/sequredx/index.html]
[assets.boldcapitalpartners.com/wp-content/uploads/2021/11/dan-meyers-IQVFVH0ajag-unsplash8e2f.jpg]
[boldcapitalpartners.com/company/solarea-bio/index.html]
[assets.boldcapitalpartners.com/wp-content/uploads/2021/11/dan-meyers-IQVFVH0ajag-unsplash9c1f.jpg]
[assets.boldcapitalpartners.com/wp-content/uploads/2021/12/Molecules-copybd7a.jpg]
[boldcapitalpartners.com/company/stealthfootechcompany/index.html]
[assets.boldcapitalpartners.com/wp-content/uploads/2021/12/Molecules-copy5059.jpg]
[assets.boldcapitalpartners.com/wp-content/uploads/2021/11/stw_back-scaled-1a65f.jpg]
[assets.boldcapitalpartners.com/wp-content/uploads/2021/11/stw_back-scaled-1c7de.jpg]
[boldcapitalpartners.com/company/stealth-oral-health-company/index.html]
[boldcapitalpartners.com/company/rna-therapeutics-company/index.html]
[boldcapitalpartners.com/company/stuff-that-works/index.html]
[assets.boldcapitalpartners.com/wp-content/uploads/2022/04/Screen-Shot-2022-04-20-at-7.43.31-AM3772.jpg]
[assets.boldcapitalpartners.com/wp-content/uploads/2022/04/Screen-Shot-2022-04-20-at-7.43.31-AM3c4e.jpg]
[boldcapitalpartners.com/company/symbiome/index.html]
[boldcapitalpartners.com/company/syntis-bio/index.html]
[assets.boldcapitalpartners.com/wp-content/uploads/2023/02/career3a65f.jpg]
[assets.boldcapitalpartners.com/wp-content/uploads/2023/02/career3c7de.jpg]
[assets.boldcapitalpartners.com/wp-content/uploads/2021/11/cover_viome3fa6.jpg]
[boldcapitalpartners.com/company/viome/index.html]
[assets.boldcapitalpartners.com/wp-content/uploads/2021/11/cover_viomed362.jpg]
[assets.boldcapitalpartners.com/wp-content/uploads/2021/11/g0OO3j3Ia65f.jpg]
[assets.boldcapitalpartners.com/wp-content/uploads/2021/11/g0OO3j3Ic7de.jpg]
[assets.boldcapitalpartners.com/wp-content/uploads/2021/11/cover_atomiton3fa6.jpg]
[assets.boldcapitalpartners.com/wp-content/uploads/2021/11/cover_atomitond362.jpg]
[assets.boldcapitalpartners.com/wp-content/uploads/2021/11/mediterranean-cuisine-2378758_1920a65f.jpg]
[assets.boldcapitalpartners.com/wp-content/uploads/2021/11/mediterranean-cuisine-2378758_1920c7de.jpg]
[boldcapitalpartners.com/company/chef-robotics/index.html]
[assets.boldcapitalpartners.com/wp-content/uploads/2021/11/art-big-data-blur-373543-scaleda65f.jpg]
[assets.boldcapitalpartners.com/wp-content/uploads/2021/11/art-big-data-blur-373543-scaledc7de.jpg]
[boldcapitalpartners.com/company/crowdz/index.html]
[assets.boldcapitalpartners.com/wp-content/uploads/2021/11/cover_digilens2660.jpg]
[boldcapitalpartners.com/company/digilens/index.html]
[assets.boldcapitalpartners.com/wp-content/uploads/2021/11/cover_digilens9431.jpg]
[assets.boldcapitalpartners.com/wp-content/uploads/2021/11/Dreamscape-2b2f4.jpg]
[assets.boldcapitalpartners.com/wp-content/uploads/2021/11/Dreamscape-2ed1e.jpg]
[boldcapitalpartners.com/company/dreamscape/index.html]
[assets.boldcapitalpartners.com/wp-content/uploads/2023/02/key-arta17d.png]
[assets.boldcapitalpartners.com/wp-content/uploads/2023/02/key-art2851.jpg]
[assets.boldcapitalpartners.com/wp-content/uploads/2022/10/Alison-Kelman-88-of-98-e1666122221535a17d.jpg]
[boldcapitalpartners.com/company/dreamscape-learn/index.html]
[assets.boldcapitalpartners.com/wp-content/uploads/2022/10/Alison-Kelman-88-of-98-e16661222215352851.jpg]
[assets.boldcapitalpartners.com/wp-content/uploads/2021/11/cover_auspiona4d9.jpg]
[assets.boldcapitalpartners.com/wp-content/uploads/2021/11/cover_auspion3e37.jpg]
[boldcapitalpartners.com/company/earth-force/index.html]
[boldcapitalpartners.com/company/guru/index.html]
[assets.boldcapitalpartners.com/wp-content/uploads/2021/11/hyperloop-2b2f4.jpg]
[assets.boldcapitalpartners.com/wp-content/uploads/2021/11/hyperloop-2ed1e.jpg]
[boldcapitalpartners.com/company/hyperloop/index.html]
[boldcapitalpartners.com/company/kindred/index.html]
[assets.boldcapitalpartners.com/wp-content/uploads/2021/11/cover_kindred-scaled9702.jpg]
[assets.boldcapitalpartners.com/wp-content/uploads/2021/11/cover_kindred-scaled7944.jpg]
[assets.boldcapitalpartners.com/wp-content/uploads/2021/11/cover_magic_cube-scaledc584.jpg]
[boldcapitalpartners.com/company/magiccube/index.html]
[assets.boldcapitalpartners.com/wp-content/uploads/2021/11/cover_magic_cube-scaledd6d0.jpg]
[assets.boldcapitalpartners.com/wp-content/uploads/2021/11/cover_metawave-scaleddc22.jpg]
[assets.boldcapitalpartners.com/wp-content/uploads/2021/11/cover_metawave-scaled835d.jpg]
[assets.boldcapitalpartners.com/wp-content/uploads/2021/11/MB-large3fa6.jpg]
[assets.boldcapitalpartners.com/wp-content/uploads/2021/11/MB-larged362.jpg]
[boldcapitalpartners.com/company/mighty-buildings/index.html]
[boldcapitalpartners.com/company/metawave/index.html]
[assets.boldcapitalpartners.com/wp-content/uploads/2021/11/smart-contact-lens-and-mojo-vision-introducing-invisible-computing3ed5.jpg]
[boldcapitalpartners.com/company/mojo-vision/index.html]
[assets.boldcapitalpartners.com/wp-content/uploads/2021/11/smart-contact-lens-and-mojo-vision-introducing-invisible-computing99ea.jpg]
[assets.boldcapitalpartners.com/wp-content/uploads/2021/11/cover_cloudmondo-scaled1a64.jpg]
[assets.boldcapitalpartners.com/wp-content/uploads/2021/11/cover_cloudmondo-scaleddab1.jpg]
[boldcapitalpartners.com/company/neutrino8/index.html]
[assets.boldcapitalpartners.com/wp-content/uploads/2021/11/cover_cloudleafca0b.jpg]
[boldcapitalpartners.com/company/parkoursc/index.html]
[assets.boldcapitalpartners.com/wp-content/uploads/2021/11/cover_cloudleafb76a.jpg]
[assets.boldcapitalpartners.com/wp-content/uploads/2021/11/cover_pyka-scaled7ffe.jpg]
[assets.boldcapitalpartners.com/wp-content/uploads/2021/11/cover_pyka-scaled99ba.jpg]
[assets.boldcapitalpartners.com/wp-content/uploads/2021/11/RS-Largeb2f4.jpg]
[assets.boldcapitalpartners.com/wp-content/uploads/2021/11/RS-Largeed1e.jpg]
[boldcapitalpartners.com/company/relativity-space/index.html]
[assets.boldcapitalpartners.com/wp-content/uploads/2022/01/Image-from-iOS-32a65f.jpg]
[assets.boldcapitalpartners.com/wp-content/uploads/2022/01/Image-from-iOS-32c7de.jpg]
[boldcapitalpartners.com/company/rugged-robotics/index.html]
[assets.boldcapitalpartners.com/wp-content/uploads/2021/11/cover_singularity58ea.jpg]
[boldcapitalpartners.com/company/singularity/index.html]
[assets.boldcapitalpartners.com/wp-content/uploads/2021/11/cover_singularity1708.jpg]
[assets.boldcapitalpartners.com/wp-content/uploads/2021/11/jj-ying-8bghKxNU1j0-unsplashaf0e.jpg]
[assets.boldcapitalpartners.com/wp-content/uploads/2021/11/jj-ying-8bghKxNU1j0-unsplash5afc.jpg]
[boldcapitalpartners.com/company/synadia/index.html]
[assets.boldcapitalpartners.com/wp-content/uploads/2021/11/cover_terrameraa4aa.jpg]
[assets.boldcapitalpartners.com/wp-content/uploads/2021/11/cover_terramera4561.jpg]
[assets.boldcapitalpartners.com/wp-content/uploads/2021/12/Innovation-Reduced3fa6.jpg]
[boldcapitalpartners.com/company/terramera/index.html]
[assets.boldcapitalpartners.com/wp-content/uploads/2021/12/Innovation-Reducedd362.jpg]
[assets.boldcapitalpartners.com/wp-content/plugins/search-filter-pro/public/assets/js/search-filter-build.mine64e.js]
[assets.boldcapitalpartners.com/wp-content/plugins/search-filter-pro/public/assets/js/chosen.jquery.mine64e.js]
[assets.boldcapitalpartners.com/wp-includes/js/jquery/ui/core.min3f14.js]
[boldcapitalpartners.com/companies/index.html]
[boldcapitalpartners.com/news/index.html]
[assets.boldcapitalpartners.com/wp-includes/js/jquery/ui/datepicker.min3f14.js]
[boldcapitalpartners.com/wp-json/wp/v2/pages/1765.html]
[boldcapitalpartners.com/wp-json/oembed/1.0/embed6ece.json]
[boldcapitalpartners.com/news/index0e44.html]
[boldcapitalpartners.com/news/indexa913.html]
[boldcapitalpartners.com/wp-json/oembed/1.0/embed320a]
[assets.boldcapitalpartners.com/wp-content/uploads/2021/10/christina-wocintechchat-com-eF7HN40WbAQ-unsplash3fa6.png]
[assets.boldcapitalpartners.com/wp-content/uploads/2021/10/christina-wocintechchat-com-eF7HN40WbAQ-unsplashd362.jpg]
[assets.boldcapitalpartners.com/wp-includes/css/dashicons.minec7a.css]
[www.google.com/recaptcha/apie76b.js]
[boldcapitalpartners.com/careers/index.html]
[boldcapitalpartners.com/wp-json/oembed/1.0/embedd4d1]
[assets.boldcapitalpartners.com/wp-content/uploads/2023/05/05-90859010-humanoid-robot3fa6.jpg]
[assets.boldcapitalpartners.com/wp-content/uploads/2023/05/05-90859010-humanoid-robotd362.jpg]
[assets.boldcapitalpartners.com/wp-content/uploads/2021/11/photo-1549563316-5384a923453e3fa6.png]
[assets.boldcapitalpartners.com/wp-content/uploads/2021/11/photo-1549563316-5384a923453ed362.jpg]
[assets.boldcapitalpartners.com/wp-content/uploads/2021/11/photo-1451187863213-d1bcbaae3fa33fa6.png]
[assets.boldcapitalpartners.com/wp-content/uploads/2021/11/photo-1451187863213-d1bcbaae3fa3d362.jpg]
[boldcapitalpartners.com/company/figure-ai/index.html]
[boldcapitalpartners.com/wp-json/oembed/1.0/embedcd72.json]
[boldcapitalpartners.com/wp-json/oembed/1.0/embed1488]
[assets.boldcapitalpartners.com/wp-content/uploads/2022/09/Omeat3fa6.png]
[assets.boldcapitalpartners.com/wp-content/uploads/2022/09/Omeatd362.jpg]
[assets.boldcapitalpartners.com/wp-content/uploads/2021/11/photo-1516613835066-91cb1a42dda5-scaled3fa6.png]
[assets.boldcapitalpartners.com/wp-content/uploads/2021/11/photo-1516613835066-91cb1a42dda5-scaledd362.jpg]
[assets.boldcapitalpartners.com/wp-content/uploads/2021/11/photo-1464297162577-f5295c892194-scaled3fa6.png]
[assets.boldcapitalpartners.com/wp-content/uploads/2021/11/photo-1464297162577-f5295c892194-scaledd362.jpg]
[boldcapitalpartners.com/company/omeat/index.html]
[boldcapitalpartners.com/wp-json/oembed/1.0/embedc560.json]
[boldcapitalpartners.com/wp-json/oembed/1.0/embedfeaa]
[assets.boldcapitalpartners.com/wp-content/uploads/2023/02/Immunis_Lab_Picture3fa6.png]
[assets.boldcapitalpartners.com/wp-content/uploads/2023/02/Immunis_Lab_Pictured362.jpg]
[assets.boldcapitalpartners.com/wp-content/uploads/2023/02/HansKeirstead3fa6.jpg]
[assets.boldcapitalpartners.com/wp-content/uploads/2023/02/HansKeirsteadd362.jpg]
[boldcapitalpartners.com/company/immunis-biomedical/index.html]
[boldcapitalpartners.com/company/proprio/index.html]
[boldcapitalpartners.com/wp-json/oembed/1.0/embed4dc9.json]
[boldcapitalpartners.com/company/colossal/feed/index.html]
[boldcapitalpartners.com/wp-json/oembed/1.0/embed0eed]
[assets.boldcapitalpartners.com/wp-content/uploads/2021/11/2560px-Woolly_mammoth_model_Royal_BC_Museum_in_Victoria3fa6.png]
[assets.boldcapitalpartners.com/wp-content/uploads/2021/11/2560px-Woolly_mammoth_model_Royal_BC_Museum_in_Victoriad362.jpg]
[assets.boldcapitalpartners.com/wp-content/uploads/2021/11/photo-1626379945538-6c8824dd898f-scaled3fa6.png]
[assets.boldcapitalpartners.com/wp-content/uploads/2021/11/photo-1626379945538-6c8824dd898f-scaledd362.jpg]
[boldcapitalpartners.com/company/colossal/index.html]
[boldcapitalpartners.com/wp-json/oembed/1.0/embedd4e3.json]
[boldcapitalpartners.com/company/pyka/feed/index.html]
[boldcapitalpartners.com/wp-json/oembed/1.0/embed7c9b]
[assets.boldcapitalpartners.com/wp-content/uploads/2021/11/logo_pyka-13fa6.png]
[assets.boldcapitalpartners.com/wp-content/uploads/2021/11/logo_pyka-1d362.png]
[assets.boldcapitalpartners.com/wp-content/uploads/2021/11/cover_pyka-scaled3fa6.png]
[assets.boldcapitalpartners.com/wp-content/uploads/2021/11/cover_pyka-scaledd362.jpg]
[assets.boldcapitalpartners.com/wp-content/uploads/2021/11/XP-2-15-scaled3fa6.png]
[assets.boldcapitalpartners.com/wp-content/uploads/2021/11/XP-2-15-scaledd362.jpg]
[boldcapitalpartners.com/company/pyka/index.html]
[boldcapitalpartners.com/wp-json/wp/v2/pages/3.html]
[boldcapitalpartners.com/terms/index.html]
[boldcapitalpartners.com/wp-json/oembed/1.0/embede656.json]
[boldcapitalpartners.com/privacy/feed/index.html]
[boldcapitalpartners.com/wp-json/oembed/1.0/embed5c8f]
[boldcapitalpartners.com/privacy/index.html]
[boldcapitalpartners.com/wp-json/index.html]
[boldcapitalpartners.com/wp-json/wp/v2/pages/576.html]
[boldcapitalpartners.com/indexaa4f.html]
[boldcapitalpartners.com/index834e.html]
[boldcapitalpartners.com/wp-json/wp/v2/pages/321.html]
[boldcapitalpartners.com/wp-json/wp/v2/pages/329]
[boldcapitalpartners.com/wp-json/oembed/1.0/embedebb2.json]
[boldcapitalpartners.com/wp-json/oembed/1.0/embed9d54]
[boldcapitalpartners.com/team/neal-bhadkamkar/feed/index.html]
[assets.boldcapitalpartners.com/wp-content/uploads/2021/11/logo_alivecor-13fa6.png]
[assets.boldcapitalpartners.com/wp-content/uploads/2021/11/logo_alivecor-1d362.png]
[assets.boldcapitalpartners.com/wp-content/uploads/2021/11/exo_logo_for_website-13fa6.png]
[assets.boldcapitalpartners.com/wp-content/uploads/2021/11/exo_logo_for_website-1d362.png]
[assets.boldcapitalpartners.com/wp-content/uploads/2021/11/holoclara_edited-13fa6.png]
[assets.boldcapitalpartners.com/wp-content/uploads/2021/11/holoclara_edited-1d362.png]
[assets.boldcapitalpartners.com/wp-content/uploads/2021/11/logo_insilico-13fa6.png]
[assets.boldcapitalpartners.com/wp-content/uploads/2021/11/logo_insilico-1d362.png]
[assets.boldcapitalpartners.com/wp-content/uploads/2023/09/Helen_0175-1-e16940326675853fa6.jpg]
[boldcapitalpartners.com/team/neal-bhadkamkar/index.html]
[boldcapitalpartners.com/wp-json/oembed/1.0/embed6c89]
[assets.boldcapitalpartners.com/wp-content/uploads/2021/11/NANCI_BOLD_website_000923fa6.png]
[boldcapitalpartners.com/team/emilio-diez-barroso/index.html]
[boldcapitalpartners.com/wp-json/oembed/1.0/embeded6e.json]
[boldcapitalpartners.com/wp-json/oembed/1.0/embed4b6b]
[assets.boldcapitalpartners.com/wp-content/uploads/2021/11/Ysette-page2-1-e16390865013963fa6.jpg]
[boldcapitalpartners.com/team/helen-mcbride/index.html]
[boldcapitalpartners.com/wp-json/oembed/1.0/embed7800.json]
[boldcapitalpartners.com/team/peter-diamandis/feed/index.html]
[boldcapitalpartners.com/wp-json/oembed/1.0/embedf02d]
[assets.boldcapitalpartners.com/wp-content/uploads/2021/11/Will-Headshot3fa6.png]
[boldcapitalpartners.com/team/peter-diamandis/index.html]
[boldcapitalpartners.com/wp-json/oembed/1.0/embed2b57.json]
[boldcapitalpartners.com/wp-json/oembed/1.0/embed79f6]
[assets.boldcapitalpartners.com/wp-content/uploads/2021/11/curebase-fontonly-13fa6.png]
[boldcapitalpartners.com/team/will-borthwick/feed/index.html]
[assets.boldcapitalpartners.com/wp-content/uploads/2021/11/curebase-fontonly-1d362.png]
[assets.boldcapitalpartners.com/wp-content/uploads/2021/11/Docbot-logo-for-website-13fa6.png]
[assets.boldcapitalpartners.com/wp-content/uploads/2021/11/Docbot-logo-for-website-1d362.png]
[assets.boldcapitalpartners.com/wp-content/uploads/2021/11/crowdzlogowebsite-13fa6.png]
[assets.boldcapitalpartners.com/wp-content/uploads/2021/11/crowdzlogowebsite-1d362.png]
[assets.boldcapitalpartners.com/wp-content/uploads/2021/11/meru_website-logo-13fa6.png]
[assets.boldcapitalpartners.com/wp-content/uploads/2021/11/meru_website-logo-1d362.png]
[assets.boldcapitalpartners.com/wp-content/uploads/2021/12/FShu3fa6.jpg]
[boldcapitalpartners.com/team/will-borthwick/index.html]
[assets.boldcapitalpartners.com/wp-content/uploads/2021/11/Teymour-Full-Page-1-e16390864496513fa6.jpg]
[boldcapitalpartners.com/team/felicia-hsu/index.html]
[boldcapitalpartners.com/team/teymour-boutros-ghali/index.html]
[boldcapitalpartners.com/wp-json/oembed/1.0/embedd4eb.json]
[boldcapitalpartners.com/wp-json/oembed/1.0/embed59e3]
[assets.boldcapitalpartners.com/wp-content/uploads/2023/05/1-13fa6.jpg]
[boldcapitalpartners.com/team/mignon-xu/index.html]
[boldcapitalpartners.com/wp-json/oembed/1.0/embed9623.json]
[boldcapitalpartners.com/wp-json/oembed/1.0/embedc622]
[boldcapitalpartners.com/team/william-meeker/index.html]
[boldcapitalpartners.com/wp-json/oembed/1.0/embed3d85.json]
[boldcapitalpartners.com/wp-json/oembed/1.0/embed5205]
[assets.boldcapitalpartners.com/wp-content/uploads/2021/12/IMG_0930-2-e16759857884183fa6.jpg]
[boldcapitalpartners.com/team/nanci-del-pico/index.html]
[boldcapitalpartners.com/wp-json/oembed/1.0/embed37e4.json]
[boldcapitalpartners.com/wp-json/oembed/1.0/embed2bda]
[boldcapitalpartners.com/team/daglar-cizmeci/index.html]
[boldcapitalpartners.com/wp-json/oembed/1.0/embedc3df.json]
[boldcapitalpartners.com/team/matt-grob/feed/index.html]
[boldcapitalpartners.com/wp-json/oembed/1.0/embed0362]
[boldcapitalpartners.com/team/matt-grob/index.html]
[boldcapitalpartners.com/wp-json/oembed/1.0/embedaf9e.json]
[boldcapitalpartners.com/team/daniel-kraft/feed/index.html]
[boldcapitalpartners.com/wp-json/oembed/1.0/embed8f3f]
[assets.boldcapitalpartners.com/wp-content/uploads/2021/11/Emilio-Full-Page-1-e16390863229453fa6.jpg]
[boldcapitalpartners.com/team/daniel-kraft/index.html]
[boldcapitalpartners.com/team/ysette-witteveen/feed/index.html]
[boldcapitalpartners.com/wp-json/oembed/1.0/embed5fd0.json]
[boldcapitalpartners.com/wp-json/oembed/1.0/embed9890]
[boldcapitalpartners.com/team/ysette-witteveen/index.html]
[boldcapitalpartners.com/wp-json/oembed/1.0/embed8a8f.json]
[boldcapitalpartners.com/team/sergey-young/feed/index.html]
[boldcapitalpartners.com/wp-json/oembed/1.0/embed4d40]
[boldcapitalpartners.com/team/sergey-young/index.html]
[boldcapitalpartners.com/wp-json/oembed/1.0/embedf15c.json]
[boldcapitalpartners.com/wp-json/oembed/1.0/embedc472]
[assets.boldcapitalpartners.com/wp-content/uploads/2021/11/Sergey-Young3fa6.jpg]
[boldcapitalpartners.com/team/rana-el-kaliouby/index.html]
[boldcapitalpartners.com/wp-json/wp/v2/pages/323.html]
[boldcapitalpartners.com/index3cee.html]
[boldcapitalpartners.com/wp-json/oembed/1.0/embede0f8.json]
[boldcapitalpartners.com/wp-json/oembed/1.0/embeda67f]
[assets.boldcapitalpartners.com/wp-content/uploads/2021/11/AliveCor-23fa6.jpg]
[assets.boldcapitalpartners.com/wp-content/uploads/2021/11/AliveCor-2d362.jpg]
[assets.boldcapitalpartners.com/wp-content/uploads/2021/11/pw2VI_29-e16390867274683fa6.jpg]
[assets.boldcapitalpartners.com/wp-content/uploads/2021/11/pw2VI_29-e1639086727468d362.jpg]
[boldcapitalpartners.com/company/alivecor/index.html]
[boldcapitalpartners.com/company/bionaut-labs/feed/index.html]
[boldcapitalpartners.com/wp-json/oembed/1.0/embed7b30]
[assets.boldcapitalpartners.com/wp-content/uploads/2021/11/bionaut_logo_for_website-13fa6.png]
[assets.boldcapitalpartners.com/wp-content/uploads/2021/11/bionaut_logo_for_website-1d362.png]
[assets.boldcapitalpartners.com/wp-content/uploads/2021/11/bionaut_background3fa6.png]
[assets.boldcapitalpartners.com/wp-content/uploads/2021/11/bionaut_backgroundd362.jpg]
[assets.boldcapitalpartners.com/wp-content/uploads/2021/11/16082386809453fa6.jpg]
[assets.boldcapitalpartners.com/wp-content/uploads/2021/11/1608238680945d362.jpg]
[boldcapitalpartners.com/company/bionaut-labs/index.html]
[boldcapitalpartners.com/wp-json/oembed/1.0/embeda65e.json]
[boldcapitalpartners.com/wp-json/oembed/1.0/embed376c]
[assets.boldcapitalpartners.com/wp-content/uploads/2021/11/caresignal_logo_white-13fa6.png]
[assets.boldcapitalpartners.com/wp-content/uploads/2021/11/caresignal_logo_white-1d362.png]
[assets.boldcapitalpartners.com/wp-content/uploads/2021/11/cover_epharmix3fa6.png]
[assets.boldcapitalpartners.com/wp-content/uploads/2021/11/cover_epharmixd362.jpg]
[assets.boldcapitalpartners.com/wp-content/uploads/2021/11/2AgWZGBE3fa6.jpg]
[assets.boldcapitalpartners.com/wp-content/uploads/2021/11/2AgWZGBEd362.jpg]
[boldcapitalpartners.com/company/caresignal/index.html]
[boldcapitalpartners.com/wp-json/oembed/1.0/embede440.json]
[boldcapitalpartners.com/wp-json/oembed/1.0/embede84c]
[assets.boldcapitalpartners.com/wp-content/uploads/2021/11/cover_curebase3fa6.png]
[assets.boldcapitalpartners.com/wp-content/uploads/2021/11/cover_curebased362.jpg]
[assets.boldcapitalpartners.com/wp-content/uploads/2021/11/0x03fa6.jpg]
[assets.boldcapitalpartners.com/wp-content/uploads/2021/11/0x0d362.jpg]
[boldcapitalpartners.com/company/curebase/index.html]
[boldcapitalpartners.com/wp-json/oembed/1.0/embed3713.json]
[boldcapitalpartners.com/wp-json/oembed/1.0/embed7eec]
[assets.boldcapitalpartners.com/wp-content/uploads/2022/09/Deciduous-Therapeutics-Finale-05-1-13fa6.png]
[assets.boldcapitalpartners.com/wp-content/uploads/2022/09/Deciduous-Therapeutics-Finale-05-1-1d362.png]
[assets.boldcapitalpartners.com/wp-content/uploads/2022/09/hans-reniers-lQGJCMY5qcM-unsplash3fa6.png]
[assets.boldcapitalpartners.com/wp-content/uploads/2022/09/hans-reniers-lQGJCMY5qcM-unsplashd362.jpg]
[assets.boldcapitalpartners.com/wp-content/uploads/2022/09/Deciduous-Therapeutics-finals-1-e16645609221883fa6.png]
[assets.boldcapitalpartners.com/wp-content/uploads/2022/09/Deciduous-Therapeutics-finals-1-e1664560922188d362.jpg]
[boldcapitalpartners.com/company/deciduous-therapeutics/index.html]
[boldcapitalpartners.com/wp-json/oembed/1.0/embed3207.json]
[boldcapitalpartners.com/wp-json/oembed/1.0/embed36c3]
[assets.boldcapitalpartners.com/wp-content/uploads/2021/11/deep_longevity_logo-13fa6.png]
[assets.boldcapitalpartners.com/wp-content/uploads/2021/11/deep_longevity_logo-1d362.png]
[assets.boldcapitalpartners.com/wp-content/uploads/2021/11/uriel-sc-11KDtiUWRq4-unsplash-scaled-13fa6.png]
[assets.boldcapitalpartners.com/wp-content/uploads/2021/11/uriel-sc-11KDtiUWRq4-unsplash-scaled-1d362.jpg]
[assets.boldcapitalpartners.com/wp-content/uploads/2021/11/speaker-zhavoronkov_263fa6.jpg]
[assets.boldcapitalpartners.com/wp-content/uploads/2021/11/speaker-zhavoronkov_26d362.jpg]
[boldcapitalpartners.com/company/deep-longevity/index.html]
[boldcapitalpartners.com/wp-json/oembed/1.0/embed93ab.json]
[boldcapitalpartners.com/wp-json/oembed/1.0/embedfd1b]
[assets.boldcapitalpartners.com/wp-content/uploads/2021/11/DB-background3fa6.png]
[assets.boldcapitalpartners.com/wp-content/uploads/2021/11/DB-backgroundd362.jpg]
[assets.boldcapitalpartners.com/wp-content/uploads/2021/11/Andrew-Ritter-scaled-e16390868433903fa6.png]
[assets.boldcapitalpartners.com/wp-content/uploads/2021/11/Andrew-Ritter-scaled-e1639086843390d362.jpg]
[boldcapitalpartners.com/company/docbot/index.html]
[boldcapitalpartners.com/wp-json/oembed/1.0/embed0ce0.json]
[boldcapitalpartners.com/company/elevian/feed/index.html]
[boldcapitalpartners.com/wp-json/oembed/1.0/embed9241]
[assets.boldcapitalpartners.com/wp-content/uploads/2021/11/logo_elevian-13fa6.png]
[assets.boldcapitalpartners.com/wp-content/uploads/2021/11/logo_elevian-1d362.png]
[assets.boldcapitalpartners.com/wp-content/uploads/2021/11/cover_elevian3fa6.png]
[assets.boldcapitalpartners.com/wp-content/uploads/2021/11/cover_eleviand362.jpg]
[assets.boldcapitalpartners.com/wp-content/uploads/2021/11/Mark-Allen-CEO-and-Co-Founder-Elevian3fa6.png]
[assets.boldcapitalpartners.com/wp-content/uploads/2021/11/Mark-Allen-CEO-and-Co-Founder-Eleviand362.jpg]
[boldcapitalpartners.com/company/elevian/index.html]
[boldcapitalpartners.com/wp-json/oembed/1.0/embedef14.json]
[boldcapitalpartners.com/company/exo/feed/index.html]
[boldcapitalpartners.com/wp-json/oembed/1.0/embedf828]
[assets.boldcapitalpartners.com/wp-content/uploads/2021/11/Exo-23fa6.jpg]
[assets.boldcapitalpartners.com/wp-content/uploads/2021/11/Exo-2d362.jpg]
[assets.boldcapitalpartners.com/wp-content/uploads/2021/11/AEQs4dhw-e16390869028113fa6.jpg]
[assets.boldcapitalpartners.com/wp-content/uploads/2021/11/AEQs4dhw-e1639086902811d362.jpg]
[boldcapitalpartners.com/company/exo/index.html]
[boldcapitalpartners.com/wp-json/oembed/1.0/embedaa2a.json]
[boldcapitalpartners.com/wp-json/oembed/1.0/embedd338]
[assets.boldcapitalpartners.com/wp-content/uploads/2023/02/FORM_Logo_White3fa6.png]
[assets.boldcapitalpartners.com/wp-content/uploads/2023/02/FORM_Logo_Whited362.png]
[assets.boldcapitalpartners.com/wp-content/uploads/2023/02/Form-Bio-Leadership3fa6.png]
[assets.boldcapitalpartners.com/wp-content/uploads/2023/02/Form-Bio-Leadershipd362.jpg]
[assets.boldcapitalpartners.com/wp-content/uploads/2023/02/DSC_4666-2-e16763130633273fa6.png]
[assets.boldcapitalpartners.com/wp-content/uploads/2023/02/DSC_4666-2-e1676313063327d362.jpg]
[boldcapitalpartners.com/company/form-bio/index.html]
[boldcapitalpartners.com/wp-json/oembed/1.0/embed6265.json]
[boldcapitalpartners.com/wp-json/oembed/1.0/embed07b3]
[assets.boldcapitalpartners.com/wp-content/uploads/2021/11/fountain-logo-white-13fa6.png]
[assets.boldcapitalpartners.com/wp-content/uploads/2021/11/fountain-logo-white-1d362.png]
[assets.boldcapitalpartners.com/wp-content/uploads/2021/11/Fountain-Background3fa6.png]
[assets.boldcapitalpartners.com/wp-content/uploads/2021/11/Fountain-Backgroundd362.jpg]
[boldcapitalpartners.com/company/fountain-therapeutic-services/index.html]
[boldcapitalpartners.com/wp-json/oembed/1.0/embed49dc.json]
[boldcapitalpartners.com/company/gallant-pet/feed/index.html]
[boldcapitalpartners.com/wp-json/oembed/1.0/embed988e]
[assets.boldcapitalpartners.com/wp-content/uploads/2021/11/Gallant-13fa6.png]
[assets.boldcapitalpartners.com/wp-content/uploads/2021/11/Gallant-1d362.png]
[assets.boldcapitalpartners.com/wp-content/uploads/2021/11/Gallant-Background3fa6.png]
[assets.boldcapitalpartners.com/wp-content/uploads/2021/11/Gallant-Backgroundd362.jpg]
[assets.boldcapitalpartners.com/wp-content/uploads/2021/11/15423951734483fa6.jpg]
[assets.boldcapitalpartners.com/wp-content/uploads/2021/11/1542395173448d362.jpg]
[boldcapitalpartners.com/company/gallant-pet/index.html]
[boldcapitalpartners.com/wp-json/oembed/1.0/embed54fa.json]
[boldcapitalpartners.com/wp-json/oembed/1.0/embede6e7]
[assets.boldcapitalpartners.com/wp-content/uploads/2022/01/Logo-Blue3fa6.png]
[assets.boldcapitalpartners.com/wp-content/uploads/2022/01/Logo-Blued362.png]
[assets.boldcapitalpartners.com/wp-content/uploads/2022/01/human-oocyte3fa6.png]
[assets.boldcapitalpartners.com/wp-content/uploads/2022/01/human-oocyted362.jpg]
[assets.boldcapitalpartners.com/wp-content/uploads/2022/01/Dina-R3fa6.jpg]
[assets.boldcapitalpartners.com/wp-content/uploads/2022/01/Dina-Rd362.jpg]
[boldcapitalpartners.com/company/gameto/index.html]
[boldcapitalpartners.com/wp-json/oembed/1.0/embedab5f]
[assets.boldcapitalpartners.com/wp-content/uploads/2021/11/holoclara_backgrouind-scaled-13fa6.png]
[assets.boldcapitalpartners.com/wp-content/uploads/2021/11/holoclara_backgrouind-scaled-1d362.jpg]
[assets.boldcapitalpartners.com/wp-content/uploads/2021/11/ANDREA_HEADSHOT-e16390869538743fa6.jpg]
[assets.boldcapitalpartners.com/wp-content/uploads/2021/11/ANDREA_HEADSHOT-e1639086953874d362.jpg]
[boldcapitalpartners.com/company/holoclara/index.html]
[boldcapitalpartners.com/wp-json/oembed/1.0/embed20aa.json]
[boldcapitalpartners.com/company/human-in-motion-robotics/feed/index.html]
[boldcapitalpartners.com/wp-json/oembed/1.0/embed1588]
[assets.boldcapitalpartners.com/wp-content/uploads/2021/11/himr-logo-13fa6.png]
[assets.boldcapitalpartners.com/wp-content/uploads/2021/11/himr-logo-1d362.png]
[assets.boldcapitalpartners.com/wp-content/uploads/2021/11/himr3fa6.png]
[assets.boldcapitalpartners.com/wp-content/uploads/2021/11/himrd362.jpg]
[assets.boldcapitalpartners.com/wp-content/uploads/2021/11/photo-1544380904-c686aad2fc403fa6.png]
[assets.boldcapitalpartners.com/wp-content/uploads/2021/11/photo-1544380904-c686aad2fc40d362.jpg]
[boldcapitalpartners.com/company/human-in-motion-robotics/index.html]
[boldcapitalpartners.com/wp-json/oembed/1.0/embed78f4.json]
[boldcapitalpartners.com/wp-json/oembed/1.0/embed8b7c]
[assets.boldcapitalpartners.com/wp-content/uploads/2021/11/cover_insilico3fa6.png]
[assets.boldcapitalpartners.com/wp-content/uploads/2021/11/cover_insilicod362.jpg]
[boldcapitalpartners.com/company/insilico-medicine/index.html]
[boldcapitalpartners.com/wp-json/oembed/1.0/embed33f0.json]
[boldcapitalpartners.com/company/iota-biosciences/feed/index.html]
[boldcapitalpartners.com/wp-json/oembed/1.0/embed9458]
[assets.boldcapitalpartners.com/wp-content/uploads/2021/11/logo_iota-13fa6.png]
[assets.boldcapitalpartners.com/wp-content/uploads/2021/11/logo_iota-1d362.png]
[assets.boldcapitalpartners.com/wp-content/uploads/2021/11/cover_iota3fa6.png]
[assets.boldcapitalpartners.com/wp-content/uploads/2021/11/cover_iotad362.jpg]
[assets.boldcapitalpartners.com/wp-content/uploads/2021/11/15162297228963fa6.jpg]
[assets.boldcapitalpartners.com/wp-content/uploads/2021/11/1516229722896d362.jpg]
[boldcapitalpartners.com/company/iota-biosciences/index.html]
[boldcapitalpartners.com/wp-json/oembed/1.0/embed1e21.json]
[boldcapitalpartners.com/wp-json/oembed/1.0/embed5d34]
[assets.boldcapitalpartners.com/wp-content/uploads/2021/11/logo_iviva-13fa6.png]
[assets.boldcapitalpartners.com/wp-content/uploads/2021/11/logo_iviva-1d362.png]
[assets.boldcapitalpartners.com/wp-content/uploads/2021/11/cover_ivava3fa6.jpg]
[assets.boldcapitalpartners.com/wp-content/uploads/2021/11/cover_ivavad362.jpg]
[assets.boldcapitalpartners.com/wp-content/uploads/2021/11/DSCF0028-Reeve-2-x-2.5-color-175-ppi-cropped3fa6.jpg]
[assets.boldcapitalpartners.com/wp-content/uploads/2021/11/DSCF0028-Reeve-2-x-2.5-color-175-ppi-croppedd362.jpg]
[boldcapitalpartners.com/company/iviva-medical/index.html]
[boldcapitalpartners.com/wp-json/oembed/1.0/embed1c32.json]
[boldcapitalpartners.com/wp-json/oembed/1.0/embed902e]
[assets.boldcapitalpartners.com/wp-content/uploads/2022/11/KeyCareLogo3fa6.png]
[assets.boldcapitalpartners.com/wp-content/uploads/2022/11/KeyCareLogod362.png]
[assets.boldcapitalpartners.com/wp-content/uploads/2022/11/national-cancer-institute-L8tWZT4CcVQ-unsplash3fa6.png]
[assets.boldcapitalpartners.com/wp-content/uploads/2022/11/national-cancer-institute-L8tWZT4CcVQ-unsplashd362.jpg]
[assets.boldcapitalpartners.com/wp-content/uploads/2022/11/LLB_headshot_color23fa6.jpg]
[assets.boldcapitalpartners.com/wp-content/uploads/2022/11/LLB_headshot_color2d362.jpg]
[boldcapitalpartners.com/company/keycare/index.html]
[boldcapitalpartners.com/wp-json/oembed/1.0/embed2d73.json]
[boldcapitalpartners.com/wp-json/oembed/1.0/embedc008]
[assets.boldcapitalpartners.com/wp-content/uploads/2021/11/green-leaf-1767223fa6.png]
[assets.boldcapitalpartners.com/wp-content/uploads/2021/11/green-leaf-176722d362.jpg]
[assets.boldcapitalpartners.com/wp-content/uploads/2021/11/Kristian_square3fa6.png]
[assets.boldcapitalpartners.com/wp-content/uploads/2021/11/Kristian_squared362.jpg]
[boldcapitalpartners.com/company/meru-health/index.html]
[boldcapitalpartners.com/wp-json/oembed/1.0/embed4ed3.json]
[boldcapitalpartners.com/company/openwater/feed/index.html]
[boldcapitalpartners.com/wp-json/oembed/1.0/embed489c]
[assets.boldcapitalpartners.com/wp-content/uploads/2021/11/logo_openwater-13fa6.png]
[assets.boldcapitalpartners.com/wp-content/uploads/2021/11/logo_openwater-1d362.png]
[assets.boldcapitalpartners.com/wp-content/uploads/2021/11/cover_openwater-scaled3fa6.png]
[assets.boldcapitalpartners.com/wp-content/uploads/2021/11/cover_openwater-scaledd362.jpg]
[boldcapitalpartners.com/company/openwater/index.html]
[boldcapitalpartners.com/wp-json/oembed/1.0/embed1f4c.json]
[boldcapitalpartners.com/wp-json/oembed/1.0/embed3f25]
[assets.boldcapitalpartners.com/wp-content/uploads/2021/11/logo_oura-13fa6.png]
[assets.boldcapitalpartners.com/wp-content/uploads/2021/11/logo_oura-1d362.png]
[assets.boldcapitalpartners.com/wp-content/uploads/2021/11/cover_oura3fa6.jpg]
[assets.boldcapitalpartners.com/wp-content/uploads/2021/11/cover_ourad362.jpg]
[assets.boldcapitalpartners.com/wp-content/uploads/2021/11/0x0-1-e16644994496093fa6.jpg]
[assets.boldcapitalpartners.com/wp-content/uploads/2021/11/0x0-1-e1664499449609d362.jpg]
[boldcapitalpartners.com/company/oura-health/index.html]
[boldcapitalpartners.com/wp-json/oembed/1.0/embed9362.json]
[boldcapitalpartners.com/wp-json/oembed/1.0/embed5028]
[assets.boldcapitalpartners.com/wp-content/uploads/2021/11/logo_seed-13fa6.png]
[assets.boldcapitalpartners.com/wp-content/uploads/2021/11/logo_seed-1d362.png]
[assets.boldcapitalpartners.com/wp-content/uploads/2021/11/cover_seed3fa6.png]
[boldcapitalpartners.com/company/seed/feed/index.html]
[assets.boldcapitalpartners.com/wp-content/uploads/2021/11/cover_seedd362.jpg]
[assets.boldcapitalpartners.com/wp-content/uploads/2021/11/Square_Seed_Founders_Ara_01_webo-1-1200x1200-13fa6.jpg]
[assets.boldcapitalpartners.com/wp-content/uploads/2021/11/Square_Seed_Founders_Ara_01_webo-1-1200x1200-1d362.jpg]
[boldcapitalpartners.com/company/seed/index.html]
[boldcapitalpartners.com/wp-json/oembed/1.0/embed38d6.json]
[boldcapitalpartners.com/wp-json/oembed/1.0/embedd02e]
[assets.boldcapitalpartners.com/wp-content/uploads/2022/09/sequre_rgb-13fa6.png]
[assets.boldcapitalpartners.com/wp-content/uploads/2022/09/sequre_rgb-1d362.png]
[assets.boldcapitalpartners.com/wp-content/uploads/2022/09/sangharsh-lohakare-8o_LkMpo8ug-unsplash3fa6.png]
[assets.boldcapitalpartners.com/wp-content/uploads/2022/09/sangharsh-lohakare-8o_LkMpo8ug-unsplashd362.jpg]
[assets.boldcapitalpartners.com/wp-content/uploads/2022/09/HI_REZ_ES3fa6.png]
[assets.boldcapitalpartners.com/wp-content/uploads/2022/09/HI_REZ_ESd362.jpg]
[boldcapitalpartners.com/company/sequredx/index.html]
[boldcapitalpartners.com/wp-json/oembed/1.0/embeddd8a.json]
[boldcapitalpartners.com/company/solarea-bio/feed/index.html]
[boldcapitalpartners.com/wp-json/oembed/1.0/embed227a]
[assets.boldcapitalpartners.com/wp-content/uploads/2021/11/solarea3fa6.png]
[assets.boldcapitalpartners.com/wp-content/uploads/2021/11/solaread362.png]
[assets.boldcapitalpartners.com/wp-content/uploads/2021/11/dan-meyers-IQVFVH0ajag-unsplash3fa6.png]
[assets.boldcapitalpartners.com/wp-content/uploads/2021/11/dan-meyers-IQVFVH0ajag-unsplashd362.jpg]
[boldcapitalpartners.com/company/solarea-bio/index.html]
[boldcapitalpartners.com/wp-json/oembed/1.0/embedd953.json]
[boldcapitalpartners.com/wp-json/oembed/1.0/embed2af1]
[boldcapitalpartners.com/company/stealthfootechcompany/index.html]
[boldcapitalpartners.com/company/stealth-therapeutics-company/index.html]
[boldcapitalpartners.com/wp-json/oembed/1.0/embed6f75.json]
[boldcapitalpartners.com/wp-json/oembed/1.0/embedc538]
[boldcapitalpartners.com/company/stealth-oral-health-company/index.html]
[boldcapitalpartners.com/wp-json/oembed/1.0/embedb75d.json]
[boldcapitalpartners.com/wp-json/oembed/1.0/embed22f2]
[boldcapitalpartners.com/company/rna-therapeutics-company/index.html]
[boldcapitalpartners.com/wp-json/oembed/1.0/embed96c6.json]
[boldcapitalpartners.com/company/stuff-that-works/feed/index.html]
[boldcapitalpartners.com/wp-json/oembed/1.0/embed582f]
[assets.boldcapitalpartners.com/wp-content/uploads/2021/11/stuff_that_works_logo_edited-13fa6.png]
[assets.boldcapitalpartners.com/wp-content/uploads/2021/11/stuff_that_works_logo_edited-1d362.png]
[assets.boldcapitalpartners.com/wp-content/uploads/2021/11/stw_back-scaled-13fa6.png]
[assets.boldcapitalpartners.com/wp-content/uploads/2021/11/stw_back-scaled-1d362.jpg]
[assets.boldcapitalpartners.com/wp-content/uploads/2021/11/STW-print-1-scaled3fa6.png]
[assets.boldcapitalpartners.com/wp-content/uploads/2021/11/STW-print-1-scaledd362.jpg]
[boldcapitalpartners.com/company/stuff-that-works/index.html]
[boldcapitalpartners.com/wp-json/oembed/1.0/embedf606]
[assets.boldcapitalpartners.com/wp-content/uploads/2022/04/Symbiome_Logo3fa6.png]
[assets.boldcapitalpartners.com/wp-content/uploads/2022/04/Symbiome_Logod362.jpg]
[assets.boldcapitalpartners.com/wp-content/uploads/2022/04/Screen-Shot-2022-04-20-at-7.43.31-AM3fa6.jpg]
[assets.boldcapitalpartners.com/wp-content/uploads/2022/04/Screen-Shot-2022-04-20-at-7.43.31-AMd362.jpg]
[assets.boldcapitalpartners.com/wp-content/uploads/2022/04/Larry-Weiss-1-scaled-e16166613479023fa6.png]
[assets.boldcapitalpartners.com/wp-content/uploads/2022/04/Larry-Weiss-1-scaled-e1616661347902d362.jpg]
[boldcapitalpartners.com/company/symbiome/index.html]
[boldcapitalpartners.com/wp-json/oembed/1.0/embeddd4c.json]
[boldcapitalpartners.com/wp-json/oembed/1.0/embedb453]
[assets.boldcapitalpartners.com/wp-content/uploads/2023/02/White-logo-no-background3fa6.png]
[assets.boldcapitalpartners.com/wp-content/uploads/2023/02/White-logo-no-backgroundd362.png]
[assets.boldcapitalpartners.com/wp-content/uploads/2023/02/career33fa6.png]
[assets.boldcapitalpartners.com/wp-content/uploads/2023/02/career3d362.jpg]
[assets.boldcapitalpartners.com/wp-content/uploads/2023/02/Rahul_Dhanda_web-1-e16759780324053fa6.jpg]
[assets.boldcapitalpartners.com/wp-content/uploads/2023/02/Rahul_Dhanda_web-1-e1675978032405d362.jpg]
[boldcapitalpartners.com/company/syntis-bio/index.html]
[boldcapitalpartners.com/wp-json/oembed/1.0/embedfbbd.json]
[boldcapitalpartners.com/wp-json/oembed/1.0/embed9298]
[boldcapitalpartners.com/company/viome/feed/index.html]
[assets.boldcapitalpartners.com/wp-content/uploads/2021/11/logo_viome-13fa6.png]
[assets.boldcapitalpartners.com/wp-content/uploads/2021/11/logo_viome-1d362.png]
[assets.boldcapitalpartners.com/wp-content/uploads/2021/11/1652386129-GettyImages-8525760403fa6.png]
[assets.boldcapitalpartners.com/wp-content/uploads/2021/11/1652386129-GettyImages-852576040d362.jpg]
[boldcapitalpartners.com/company/viome/index.html]
[boldcapitalpartners.com/company/atomiton/index.html]
[boldcapitalpartners.com/wp-json/oembed/1.0/embed4075.json]
[boldcapitalpartners.com/company/akitra/index.html]
[boldcapitalpartners.com/company/chef-robotics/feed/index.html]
[boldcapitalpartners.com/wp-json/oembed/1.0/embed8e7b]
[assets.boldcapitalpartners.com/wp-content/uploads/2021/11/chef_robotics_white-13fa6.png]
[assets.boldcapitalpartners.com/wp-content/uploads/2021/11/chef_robotics_white-1d362.png]
[assets.boldcapitalpartners.com/wp-content/uploads/2021/11/mediterranean-cuisine-2378758_19203fa6.png]
[assets.boldcapitalpartners.com/wp-content/uploads/2021/11/mediterranean-cuisine-2378758_1920d362.jpg]
[assets.boldcapitalpartners.com/wp-content/uploads/2021/11/rsfrrseH-scaled3fa6.png]
[assets.boldcapitalpartners.com/wp-content/uploads/2021/11/rsfrrseH-scaledd362.jpg]
[boldcapitalpartners.com/company/chef-robotics/index.html]
[boldcapitalpartners.com/wp-json/oembed/1.0/embed3e33]
[assets.boldcapitalpartners.com/wp-content/uploads/2021/11/art-big-data-blur-373543-scaled3fa6.png]
[assets.boldcapitalpartners.com/wp-content/uploads/2021/11/art-big-data-blur-373543-scaledd362.jpg]
[assets.boldcapitalpartners.com/wp-content/uploads/2021/11/payson_headshot-scaled3fa6.png]
[assets.boldcapitalpartners.com/wp-content/uploads/2021/11/payson_headshot-scaledd362.jpg]
[boldcapitalpartners.com/company/crowdz/index.html]
[boldcapitalpartners.com/wp-json/oembed/1.0/embed6196.json]
[boldcapitalpartners.com/company/digilens/feed/index.html]
[boldcapitalpartners.com/wp-json/oembed/1.0/embed2745]
[assets.boldcapitalpartners.com/wp-content/uploads/2021/11/logo_digilens-13fa6.png]
[assets.boldcapitalpartners.com/wp-content/uploads/2021/11/logo_digilens-1d362.png]
[assets.boldcapitalpartners.com/wp-content/uploads/2021/11/cover_digilens3fa6.png]
[assets.boldcapitalpartners.com/wp-content/uploads/2021/11/cover_digilensd362.jpg]
[assets.boldcapitalpartners.com/wp-content/uploads/2021/11/chris3fa6.png]
[assets.boldcapitalpartners.com/wp-content/uploads/2021/11/chrisd362.jpg]
[assets.boldcapitalpartners.com/wp-content/uploads/2021/11/photo-1598705352140-be8e33a97d553fa6.png]
[assets.boldcapitalpartners.com/wp-content/uploads/2021/11/photo-1598705352140-be8e33a97d55d362.jpg]
[assets.boldcapitalpartners.com/wp-content/uploads/2021/11/photo-1533497374533-d860dceecf743fa6.png]
[assets.boldcapitalpartners.com/wp-content/uploads/2021/11/photo-1533497374533-d860dceecf74d362.jpg]
[assets.boldcapitalpartners.com/wp-content/uploads/2021/11/photo-1561557944-6e7860d1a7eb-scaled3fa6.png]
[assets.boldcapitalpartners.com/wp-content/uploads/2021/11/photo-1561557944-6e7860d1a7eb-scaledd362.jpg]
[boldcapitalpartners.com/company/digilens/index.html]
[boldcapitalpartners.com/wp-json/oembed/1.0/embed7937.json]
[boldcapitalpartners.com/wp-json/oembed/1.0/embedd02a]
[boldcapitalpartners.com/company/dreamscape/feed/index.html]
[assets.boldcapitalpartners.com/wp-content/uploads/2021/11/logo_dreamscape-13fa6.png]
[assets.boldcapitalpartners.com/wp-content/uploads/2021/11/logo_dreamscape-1d362.png]
[assets.boldcapitalpartners.com/wp-content/uploads/2021/11/Dreamscape-23fa6.jpg]
[assets.boldcapitalpartners.com/wp-content/uploads/2021/11/Dreamscape-2d362.jpg]
[assets.boldcapitalpartners.com/wp-content/uploads/2021/11/Walter-Parkes3fa6.jpg]
[assets.boldcapitalpartners.com/wp-content/uploads/2021/11/Walter-Parkesd362.jpg]
[assets.boldcapitalpartners.com/wp-content/uploads/2021/11/photo-1612066473428-fb6833a0d855-scaled3fa6.png]
[assets.boldcapitalpartners.com/wp-content/uploads/2021/11/photo-1612066473428-fb6833a0d855-scaledd362.jpg]
[assets.boldcapitalpartners.com/wp-content/uploads/2021/11/photo-1622979136680-b44cd64ff302-scaled3fa6.png]
[assets.boldcapitalpartners.com/wp-content/uploads/2021/11/photo-1622979136680-b44cd64ff302-scaledd362.jpg]
[boldcapitalpartners.com/company/dreamscape/index.html]
[boldcapitalpartners.com/wp-json/oembed/1.0/embed0d1c]
[assets.boldcapitalpartners.com/wp-content/uploads/2023/02/Learn-Logo-Stack-1-13fa6.png]
[assets.boldcapitalpartners.com/wp-content/uploads/2023/02/Learn-Logo-Stack-1-1d362.png]
[assets.boldcapitalpartners.com/wp-content/uploads/2023/02/key-art3fa6.png]
[assets.boldcapitalpartners.com/wp-content/uploads/2023/02/key-artd362.png]
[assets.boldcapitalpartners.com/wp-content/uploads/2023/02/ScreenShot2020-05-05at12.02.38PM3fa6.jpg]
[assets.boldcapitalpartners.com/wp-content/uploads/2023/02/ScreenShot2020-05-05at12.02.38PMd362.jpg]
[boldcapitalpartners.com/company/dreamscape-learn/index.html]
[boldcapitalpartners.com/wp-json/oembed/1.0/embedf309.json]
[boldcapitalpartners.com/wp-json/oembed/1.0/embeda01d]
[assets.boldcapitalpartners.com/wp-content/uploads/2022/10/LOGO_SECONDARY_EARTH-FORCE3fa6.png]
[assets.boldcapitalpartners.com/wp-content/uploads/2022/10/LOGO_SECONDARY_EARTH-FORCEd362.png]
[assets.boldcapitalpartners.com/wp-content/uploads/2022/10/Alison-Kelman-88-of-98-e16661222215353fa6.png]
[assets.boldcapitalpartners.com/wp-content/uploads/2022/10/Alison-Kelman-88-of-98-e1666122221535d362.jpg]
[assets.boldcapitalpartners.com/wp-content/uploads/2022/10/Justin-Dawe_Founder-and-CEO-e16661221314713fa6.jpg]
[assets.boldcapitalpartners.com/wp-content/uploads/2022/10/Justin-Dawe_Founder-and-CEO-e1666122131471d362.jpg]
[boldcapitalpartners.com/company/earth-force/index.html]
[boldcapitalpartners.com/wp-json/oembed/1.0/embed24f3.json]
[boldcapitalpartners.com/wp-json/oembed/1.0/embedf4b9]
[boldcapitalpartners.com/company/guru/feed/index.html]
[assets.boldcapitalpartners.com/wp-content/uploads/2021/11/guro_website-1-13fa6.png]
[assets.boldcapitalpartners.com/wp-content/uploads/2021/11/guro_website-1-1d362.png]
[assets.boldcapitalpartners.com/wp-content/uploads/2021/11/cover_auspion3fa6.png]
[assets.boldcapitalpartners.com/wp-content/uploads/2021/11/cover_auspiond362.jpg]
[assets.boldcapitalpartners.com/wp-content/uploads/2021/11/photo-1561533115-f893e69758e9-scaled3fa6.png]
[assets.boldcapitalpartners.com/wp-content/uploads/2021/11/photo-1561533115-f893e69758e9-scaledd362.jpg]
[assets.boldcapitalpartners.com/wp-content/uploads/2021/11/photo-1548613053-22087dd8edb83fa6.png]
[assets.boldcapitalpartners.com/wp-content/uploads/2021/11/photo-1548613053-22087dd8edb8d362.jpg]
[assets.boldcapitalpartners.com/wp-content/uploads/2021/11/photo-1613665813446-82a78c468a1d-scaled3fa6.png]
[assets.boldcapitalpartners.com/wp-content/uploads/2021/11/photo-1613665813446-82a78c468a1d-scaledd362.jpg]
[boldcapitalpartners.com/company/guru/index.html]
[boldcapitalpartners.com/wp-json/oembed/1.0/embedd390]
[assets.boldcapitalpartners.com/wp-content/uploads/2021/11/logo_hyperloop-13fa6.png]
[assets.boldcapitalpartners.com/wp-content/uploads/2021/11/logo_hyperloop-1d362.png]
[assets.boldcapitalpartners.com/wp-content/uploads/2021/11/hyperloop-23fa6.jpg]
[assets.boldcapitalpartners.com/wp-content/uploads/2021/11/hyperloop-2d362.jpg]
[assets.boldcapitalpartners.com/wp-content/uploads/2021/11/Giegel-Josh3fa6.png]
[assets.boldcapitalpartners.com/wp-content/uploads/2021/11/Giegel-Joshd362.jpg]
[assets.boldcapitalpartners.com/wp-content/uploads/2021/11/HyperloopExplained43fa6.png]
[assets.boldcapitalpartners.com/wp-content/uploads/2021/11/HyperloopExplained4d362.jpg]
[assets.boldcapitalpartners.com/wp-content/uploads/2021/11/Virgin-Hyperloop-Passenger-Experience-08-scaled3fa6.png]
[assets.boldcapitalpartners.com/wp-content/uploads/2021/11/Virgin-Hyperloop-Passenger-Experience-08-scaledd362.jpg]
[assets.boldcapitalpartners.com/wp-content/uploads/2021/11/agro3fa6.png]
[assets.boldcapitalpartners.com/wp-content/uploads/2021/11/agrod362.jpg]
[assets.boldcapitalpartners.com/wp-content/uploads/2021/11/HyperloopExplained13fa6.png]
[assets.boldcapitalpartners.com/wp-content/uploads/2021/11/HyperloopExplained1d362.jpg]
[boldcapitalpartners.com/company/hyperloop/index.html]
[boldcapitalpartners.com/wp-json/oembed/1.0/embed4455.json]
[boldcapitalpartners.com/wp-json/oembed/1.0/embedef36]
[assets.boldcapitalpartners.com/wp-content/uploads/2021/11/logo_kindred-13fa6.png]
[assets.boldcapitalpartners.com/wp-content/uploads/2021/11/logo_kindred-1d362.png]
[assets.boldcapitalpartners.com/wp-content/uploads/2021/11/cover_kindred-scaled3fa6.png]
[assets.boldcapitalpartners.com/wp-content/uploads/2021/11/cover_kindred-scaledd362.jpg]
[boldcapitalpartners.com/company/kindred/index.html]
[boldcapitalpartners.com/wp-json/oembed/1.0/embed2d53]
[boldcapitalpartners.com/company/magiccube/feed/index.html]
[assets.boldcapitalpartners.com/wp-content/uploads/2021/11/logo_magiccube-13fa6.png]
[assets.boldcapitalpartners.com/wp-content/uploads/2021/11/logo_magiccube-1d362.png]
[assets.boldcapitalpartners.com/wp-content/uploads/2021/11/cover_magic_cube-scaled3fa6.png]
[assets.boldcapitalpartners.com/wp-content/uploads/2021/11/cover_magic_cube-scaledd362.jpg]
[assets.boldcapitalpartners.com/wp-content/uploads/2021/11/sam_headshot3fa6.png]
[assets.boldcapitalpartners.com/wp-content/uploads/2021/11/sam_headshotd362.jpg]
[boldcapitalpartners.com/company/magiccube/index.html]
[assets.boldcapitalpartners.com/wp-content/uploads/2021/11/logo_metawave-13fa6.png]
[assets.boldcapitalpartners.com/wp-content/uploads/2021/11/logo_metawave-1d362.png]
[assets.boldcapitalpartners.com/wp-content/uploads/2021/11/cover_metawave-scaled3fa6.png]
[assets.boldcapitalpartners.com/wp-content/uploads/2021/11/cover_metawave-scaledd362.jpg]
[assets.boldcapitalpartners.com/wp-content/uploads/2021/11/ExecInterview-Metawave-2-1-22-e16646581602893fa6.jpg]
[assets.boldcapitalpartners.com/wp-content/uploads/2021/11/ExecInterview-Metawave-2-1-22-e1664658160289d362.jpg]
[boldcapitalpartners.com/company/metawave/index.html]
[boldcapitalpartners.com/wp-json/oembed/1.0/embedbc99.json]
[boldcapitalpartners.com/wp-json/oembed/1.0/embede7b4]
[boldcapitalpartners.com/company/mighty-buildings/feed/index.html]
[assets.boldcapitalpartners.com/wp-content/uploads/2021/11/mighty_buildings_white-13fa6.png]
[assets.boldcapitalpartners.com/wp-content/uploads/2021/11/mighty_buildings_white-1d362.png]
[assets.boldcapitalpartners.com/wp-content/uploads/2021/11/0A1ndGJG-scaled3fa6.png]
[assets.boldcapitalpartners.com/wp-content/uploads/2021/11/0A1ndGJG-scaledd362.jpg]
[assets.boldcapitalpartners.com/wp-content/uploads/2021/11/Screen-Shot-2021-11-11-at-2.11.05-PM3fa6.png]
[assets.boldcapitalpartners.com/wp-content/uploads/2021/11/Screen-Shot-2021-11-11-at-2.11.05-PMd362.jpg]
[assets.boldcapitalpartners.com/wp-content/uploads/2021/11/Screen-Shot-2021-11-11-at-2.11.35-PM3fa6.png]
[assets.boldcapitalpartners.com/wp-content/uploads/2021/11/Screen-Shot-2021-11-11-at-2.11.35-PMd362.jpg]
[assets.boldcapitalpartners.com/wp-content/uploads/2021/11/Screen-Shot-2021-11-11-at-2.12.29-PM3fa6.png]
[assets.boldcapitalpartners.com/wp-content/uploads/2021/11/Screen-Shot-2021-11-11-at-2.12.29-PMd362.jpg]
[boldcapitalpartners.com/company/mighty-buildings/index.html]
[boldcapitalpartners.com/wp-json/oembed/1.0/embedab88.json]
[boldcapitalpartners.com/company/mojo-vision/feed/index.html]
[boldcapitalpartners.com/wp-json/oembed/1.0/embed8879]
[assets.boldcapitalpartners.com/wp-content/uploads/2021/11/mojo-logo-white-13fa6.png]
[assets.boldcapitalpartners.com/wp-content/uploads/2021/11/mojo-logo-white-1d362.png]
[assets.boldcapitalpartners.com/wp-content/uploads/2021/11/smart-contact-lens-and-mojo-vision-introducing-invisible-computing3fa6.png]
[assets.boldcapitalpartners.com/wp-content/uploads/2021/11/smart-contact-lens-and-mojo-vision-introducing-invisible-computingd362.jpg]
[assets.boldcapitalpartners.com/wp-content/uploads/2021/11/Drew-Perkins-scaled-e16390871937083fa6.jpg]
[assets.boldcapitalpartners.com/wp-content/uploads/2021/11/Drew-Perkins-scaled-e1639087193708d362.jpg]
[assets.boldcapitalpartners.com/wp-content/uploads/2021/11/photo-1620712943543-bcc4688e74853fa6.png]
[assets.boldcapitalpartners.com/wp-content/uploads/2021/11/photo-1620712943543-bcc4688e7485d362.jpg]
[assets.boldcapitalpartners.com/wp-content/uploads/2021/11/photo-1612345808274-f0e65dabf16e-scaled3fa6.png]
[assets.boldcapitalpartners.com/wp-content/uploads/2021/11/photo-1612345808274-f0e65dabf16e-scaledd362.jpg]
[boldcapitalpartners.com/company/mojo-vision/index.html]
[boldcapitalpartners.com/wp-json/oembed/1.0/embed9595]
[assets.boldcapitalpartners.com/wp-content/uploads/2021/11/neutrino8forsite-13fa6.png]
[assets.boldcapitalpartners.com/wp-content/uploads/2021/11/neutrino8forsite-1d362.png]
[assets.boldcapitalpartners.com/wp-content/uploads/2021/11/cover_cloudmondo-scaled3fa6.png]
[assets.boldcapitalpartners.com/wp-content/uploads/2021/11/cover_cloudmondo-scaledd362.jpg]
[boldcapitalpartners.com/company/neutrino8/index.html]
[boldcapitalpartners.com/wp-json/oembed/1.0/embed0a56.json]
[boldcapitalpartners.com/wp-json/oembed/1.0/embed8251]
[assets.boldcapitalpartners.com/wp-content/uploads/2021/11/logo_cloudleaf-13fa6.png]
[assets.boldcapitalpartners.com/wp-content/uploads/2021/11/logo_cloudleaf-1d362.png]
[assets.boldcapitalpartners.com/wp-content/uploads/2021/11/cover_cloudleaf3fa6.png]
[assets.boldcapitalpartners.com/wp-content/uploads/2021/11/cover_cloudleafd362.jpg]
[assets.boldcapitalpartners.com/wp-content/uploads/2021/11/Veerina-Thumb3fa6.png]
[assets.boldcapitalpartners.com/wp-content/uploads/2021/11/Veerina-Thumbd362.png]
[assets.boldcapitalpartners.com/wp-content/uploads/2021/10/Supply-Chain3fa6.jpg]
[assets.boldcapitalpartners.com/wp-content/uploads/2021/10/Supply-Chaind362.jpg]
[boldcapitalpartners.com/company/parkoursc/index.html]
[boldcapitalpartners.com/wp-json/oembed/1.0/embedbd0b.json]
[boldcapitalpartners.com/wp-json/oembed/1.0/embed2b21]
[assets.boldcapitalpartners.com/wp-content/uploads/2021/11/relativity_edited-13fa6.png]
[assets.boldcapitalpartners.com/wp-content/uploads/2021/11/relativity_edited-1d362.png]
[assets.boldcapitalpartners.com/wp-content/uploads/2021/11/RS-Large3fa6.jpg]
[assets.boldcapitalpartners.com/wp-content/uploads/2021/11/RS-Larged362.jpg]
[assets.boldcapitalpartners.com/wp-content/uploads/2021/11/tim_headshot3fa6.jpg]
[assets.boldcapitalpartners.com/wp-content/uploads/2021/11/tim_headshotd362.jpg]
[boldcapitalpartners.com/company/relativity-space/index.html]
[boldcapitalpartners.com/wp-json/oembed/1.0/embed26c0]
[assets.boldcapitalpartners.com/wp-content/uploads/2022/01/bw_logo3fa6.png]
[assets.boldcapitalpartners.com/wp-content/uploads/2022/01/bw_logod362.png]
[assets.boldcapitalpartners.com/wp-content/uploads/2022/01/Image-from-iOS-323fa6.png]
[assets.boldcapitalpartners.com/wp-content/uploads/2022/01/Image-from-iOS-32d362.jpg]
[assets.boldcapitalpartners.com/wp-content/uploads/2022/01/Derrick3fa6.png]
[assets.boldcapitalpartners.com/wp-content/uploads/2022/01/Derrickd362.jpg]
[boldcapitalpartners.com/company/rugged-robotics/index.html]
[boldcapitalpartners.com/wp-json/oembed/1.0/embedf0ad.json]
[boldcapitalpartners.com/wp-json/oembed/1.0/embed4ac2]
[assets.boldcapitalpartners.com/wp-content/uploads/2021/11/logo_singularity-13fa6.png]
[assets.boldcapitalpartners.com/wp-content/uploads/2021/11/logo_singularity-1d362.png]
[assets.boldcapitalpartners.com/wp-content/uploads/2021/11/cover_singularity3fa6.png]
[boldcapitalpartners.com/company/singularity/feed/index.html]
[assets.boldcapitalpartners.com/wp-content/uploads/2021/11/cover_singularityd362.jpg]
[assets.boldcapitalpartners.com/wp-content/uploads/2021/11/Steve_Leonard3fa6.jpg]
[assets.boldcapitalpartners.com/wp-content/uploads/2021/11/Steve_Leonardd362.jpg]
[boldcapitalpartners.com/company/singularity/index.html]
[boldcapitalpartners.com/wp-json/oembed/1.0/embed9c94.json]
[boldcapitalpartners.com/wp-json/oembed/1.0/embedf1a5]
[boldcapitalpartners.com/company/synadia/feed/index.html]
[assets.boldcapitalpartners.com/wp-content/uploads/2021/11/logo_synadia-13fa6.png]
[assets.boldcapitalpartners.com/wp-content/uploads/2021/11/logo_synadia-1d362.png]
[assets.boldcapitalpartners.com/wp-content/uploads/2021/11/jj-ying-8bghKxNU1j0-unsplash3fa6.png]
[assets.boldcapitalpartners.com/wp-content/uploads/2021/11/jj-ying-8bghKxNU1j0-unsplashd362.jpg]
[assets.boldcapitalpartners.com/wp-content/uploads/2021/11/derek-collison3fa6.png]
[assets.boldcapitalpartners.com/wp-content/uploads/2021/11/derek-collisond362.png]
[boldcapitalpartners.com/company/synadia/index.html]
[boldcapitalpartners.com/company/terramera/feed/index.html]
[boldcapitalpartners.com/wp-json/oembed/1.0/embed2231]
[assets.boldcapitalpartners.com/wp-content/uploads/2021/11/logo_terramera-13fa6.png]
[assets.boldcapitalpartners.com/wp-content/uploads/2021/11/logo_terramera-1d362.png]
[assets.boldcapitalpartners.com/wp-content/uploads/2021/11/cover_terramera3fa6.jpg]
[assets.boldcapitalpartners.com/wp-content/uploads/2021/11/cover_terramerad362.jpg]
[assets.boldcapitalpartners.com/wp-content/uploads/2021/11/5ddc55f2f14af29d8d3f1fd1_Karn-Manhas3fa6.jpg]
[assets.boldcapitalpartners.com/wp-content/uploads/2021/11/5ddc55f2f14af29d8d3f1fd1_Karn-Manhasd362.jpg]
[assets.boldcapitalpartners.com/wp-content/uploads/2021/11/photo-1437252611977-07f74518abd7-scaled3fa6.png]
[assets.boldcapitalpartners.com/wp-content/uploads/2021/11/photo-1437252611977-07f74518abd7-scaledd362.jpg]
[boldcapitalpartners.com/company/terramera/index.html]
[boldcapitalpartners.com/immunis-welcomes-uc-berkeley-professor-irina-conboy-to-the-scientific-advisory-board/index.html]
[boldcapitalpartners.com/news/index0e44.html]
[boldcapitalpartners.com/news/indexa913.html]
[boldcapitalpartners.com/wp-json/wp/v2/pages/1765.html]
[boldcapitalpartners.com/indexd470.html]
[assets.boldcapitalpartners.com/wp-includes/css/dashicons.minec7a.css]
[boldcapitalpartners.com/indexabc3.html]
[boldcapitalpartners.com/index1e4c.html]
[boldcapitalpartners.com/index6081.html]
[boldcapitalpartners.com/wp-json/oembed/1.0/embedc343.json]
[boldcapitalpartners.com/wp-json/oembed/1.0/embed5ab4]
[boldcapitalpartners.com/wp-json/oembed/1.0/embed7b27]
[boldcapitalpartners.com/company/proprio/feed/index.html]
[assets.boldcapitalpartners.com/wp-content/uploads/2021/11/proprio-logo-white-13fa6.png]
[assets.boldcapitalpartners.com/wp-content/uploads/2021/11/proprio-logo-white-1d362.png]
[assets.boldcapitalpartners.com/wp-content/uploads/2021/11/Proprio-Background3fa6.png]
[assets.boldcapitalpartners.com/wp-content/uploads/2021/11/Proprio-Backgroundd362.jpg]
[boldcapitalpartners.com/company/proprio/index.html]
[boldcapitalpartners.com/company/colossal/feed/index.html]
[boldcapitalpartners.com/indexf294.html]
[boldcapitalpartners.com/company/pyka/feed/index.html]
[boldcapitalpartners.com/index8fde.html]
[boldcapitalpartners.com/wp-json/wp/v2/pages/354.html]
[boldcapitalpartners.com/wp-json/oembed/1.0/embed0621.json]
[boldcapitalpartners.com/wp-json/oembed/1.0/embed2300]
[boldcapitalpartners.com/terms/index.html]
[boldcapitalpartners.com/wp-json/wp/v2/pages/3.html]
[boldcapitalpartners.com/index2207.html]
[boldcapitalpartners.com/wp-json/wp/v2/pages/329]
[boldcapitalpartners.com/index8ee7.html]
[boldcapitalpartners.com/team/neal-bhadkamkar/feed/index.html]
[boldcapitalpartners.com/indexb8e9.html]
[boldcapitalpartners.com/team/emilio-diez-barroso/feed/index.html]
[boldcapitalpartners.com/index02c7.html]
[boldcapitalpartners.com/team/peter-diamandis/feed/index.html]
[boldcapitalpartners.com/indexf66f.html]
[boldcapitalpartners.com/team/will-borthwick/feed/index.html]
[boldcapitalpartners.com/index64ca.html]
[boldcapitalpartners.com/indexffcc.html]
[boldcapitalpartners.com/wp-json/oembed/1.0/embed31d3]
[boldcapitalpartners.com/wp-json/oembed/1.0/embed4559]
[boldcapitalpartners.com/wp-json/oembed/1.0/embed0d2d]
[boldcapitalpartners.com/team/teymour-boutros-ghali/feed/index.html]
[assets.boldcapitalpartners.com/wp-content/uploads/2021/11/Peter-Full-Page2-1-e16390862499043fa6.jpg]
[boldcapitalpartners.com/team/teymour-boutros-ghali/index.html]
[boldcapitalpartners.com/indexbd0a.html]
[boldcapitalpartners.com/index6d7f.html]
[boldcapitalpartners.com/indexb648.html]
[boldcapitalpartners.com/index9277.html]
[boldcapitalpartners.com/team/matt-grob/feed/index.html]
[boldcapitalpartners.com/team/daniel-kraft/feed/index.html]
[boldcapitalpartners.com/indexb63e.html]
[boldcapitalpartners.com/team/ysette-witteveen/feed/index.html]
[boldcapitalpartners.com/indexc2d1.html]
[boldcapitalpartners.com/team/sergey-young/feed/index.html]
[boldcapitalpartners.com/index6996.html]
[boldcapitalpartners.com/indexf16e.html]
[boldcapitalpartners.com/index8631.html]
[boldcapitalpartners.com/company/bionaut-labs/feed/index.html]
[boldcapitalpartners.com/index12e9.html]
[boldcapitalpartners.com/team/nanci-del-pico/feed/index.html]
[boldcapitalpartners.com/index0111.html]
[boldcapitalpartners.com/index25b8.html]
[boldcapitalpartners.com/indexafc9.html]
[boldcapitalpartners.com/index16d5.html]
[boldcapitalpartners.com/index78eb.html]
[boldcapitalpartners.com/company/elevian/feed/index.html]
[boldcapitalpartners.com/index2bcd.html]
[boldcapitalpartners.com/company/exo/feed/index.html]
[boldcapitalpartners.com/indexd0e6.html]
[boldcapitalpartners.com/index1583.html]
[boldcapitalpartners.com/company/gallant-pet/feed/index.html]
[boldcapitalpartners.com/index66f9.html]
[boldcapitalpartners.com/index756f.html]
[boldcapitalpartners.com/wp-json/oembed/1.0/embedf967]
[boldcapitalpartners.com/indexc2fc.html]
[boldcapitalpartners.com/company/human-in-motion-robotics/feed/index.html]
[boldcapitalpartners.com/index0c63.html]
[boldcapitalpartners.com/indexf425.html]
[boldcapitalpartners.com/company/iota-biosciences/feed/index.html]
[boldcapitalpartners.com/indexc344.html]
[boldcapitalpartners.com/indexa308.html]
[boldcapitalpartners.com/index99a0.html]
[boldcapitalpartners.com/indexaaca.html]
[boldcapitalpartners.com/company/openwater/feed/index.html]
[boldcapitalpartners.com/index2e8b.html]
[boldcapitalpartners.com/index61f2.html]
[boldcapitalpartners.com/company/seed/feed/index.html]
[boldcapitalpartners.com/index1c7e.html]
[boldcapitalpartners.com/index0370.html]
[boldcapitalpartners.com/company/solarea-bio/feed/index.html]
[boldcapitalpartners.com/index7f9a.html]
[boldcapitalpartners.com/indexc8c7.html]
[boldcapitalpartners.com/wp-json/oembed/1.0/embed659c.json]
[boldcapitalpartners.com/company/holoclara/feed/index.html]
[boldcapitalpartners.com/company/meru-health/feed/index.html]
[boldcapitalpartners.com/company/stealth-therapeutics-company/feed/index.html]
[boldcapitalpartners.com/wp-json/oembed/1.0/embed9621]
[assets.boldcapitalpartners.com/wp-content/uploads/2021/12/Molecules-copy3fa6.png]
[assets.boldcapitalpartners.com/wp-content/uploads/2021/12/Molecules-copyd362.jpg]
[assets.boldcapitalpartners.com/wp-content/uploads/2021/12/Abstract-molecules-medical-background-179514987_4500x4500-1-1d362.jpg]
[assets.boldcapitalpartners.com/wp-content/uploads/2021/12/Abstract-molecules-medical-background-179514987_4500x4500-1-13fa6.png]
[boldcapitalpartners.com/company/stealth-therapeutics-company/index.html]
[boldcapitalpartners.com/index9f15.html]
[boldcapitalpartners.com/indexa8fe.html]
[boldcapitalpartners.com/company/stuff-that-works/feed/index.html]
[boldcapitalpartners.com/index2812.html]
[boldcapitalpartners.com/index5b90.html]
[boldcapitalpartners.com/company/viome/feed/index.html]
[boldcapitalpartners.com/index2ae7.html]
[boldcapitalpartners.com/wp-json/oembed/1.0/embed0d52]
[boldcapitalpartners.com/company/akitra/feed/index.html]
[boldcapitalpartners.com/wp-json/oembed/1.0/embedd787.json]
[boldcapitalpartners.com/wp-json/oembed/1.0/embed5dcb]
[assets.boldcapitalpartners.com/wp-content/uploads/2021/11/akitra_logo3fa6.png]
[assets.boldcapitalpartners.com/wp-content/uploads/2021/11/akitra_logod362.png]
[assets.boldcapitalpartners.com/wp-content/uploads/2021/11/g0OO3j3I3fa6.png]
[assets.boldcapitalpartners.com/wp-content/uploads/2021/11/g0OO3j3Id362.jpg]
[assets.boldcapitalpartners.com/wp-content/uploads/2021/11/9YiJLhTn3fa6.jpg]
[assets.boldcapitalpartners.com/wp-content/uploads/2021/11/9YiJLhTnd362.jpg]
[boldcapitalpartners.com/company/akitra/index.html]
[assets.boldcapitalpartners.com/wp-content/uploads/2021/11/logo_atomiton-13fa6.png]
[assets.boldcapitalpartners.com/wp-content/uploads/2021/11/logo_atomiton-1d362.png]
[assets.boldcapitalpartners.com/wp-content/uploads/2021/11/easset_upload_file87933_1205451_e-e16644999717023fa6.jpg]
[assets.boldcapitalpartners.com/wp-content/uploads/2021/11/easset_upload_file87933_1205451_e-e1664499971702d362.jpg]
[boldcapitalpartners.com/company/atomiton/index.html]
[boldcapitalpartners.com/company/chef-robotics/feed/index.html]
[boldcapitalpartners.com/index00c2.html]
[boldcapitalpartners.com/index2531.html]
[boldcapitalpartners.com/company/digilens/feed/index.html]
[boldcapitalpartners.com/index4b0e.html]
[boldcapitalpartners.com/company/dreamscape/feed/index.html]
[boldcapitalpartners.com/indexc089.html]
[boldcapitalpartners.com/index160e.html]
[boldcapitalpartners.com/indexfa5a.html]
[boldcapitalpartners.com/company/guru/feed/index.html]
[boldcapitalpartners.com/indexc128.html]
[boldcapitalpartners.com/company/crowdz/feed/index.html]
[boldcapitalpartners.com/indexcbf7.html]
[boldcapitalpartners.com/wp-json/oembed/1.0/embed73ea]
[boldcapitalpartners.com/index1b7b.html]
[boldcapitalpartners.com/company/magiccube/feed/index.html]
[boldcapitalpartners.com/index2025.html]
[boldcapitalpartners.com/company/hyperloop/feed/index.html]
[boldcapitalpartners.com/indexd52c.html]
[boldcapitalpartners.com/wp-json/oembed/1.0/embed34ef]
[boldcapitalpartners.com/company/mighty-buildings/feed/index.html]
[boldcapitalpartners.com/indexb45d.html]
[boldcapitalpartners.com/company/mojo-vision/feed/index.html]
[boldcapitalpartners.com/indexe01d.html]
[boldcapitalpartners.com/index1565.html]
[boldcapitalpartners.com/indexb4ec.html]
[boldcapitalpartners.com/wp-json/oembed/1.0/embedb2a1]
[boldcapitalpartners.com/index5e3b.html]
[boldcapitalpartners.com/indexa6b4.html]
[boldcapitalpartners.com/company/singularity/feed/index.html]
[boldcapitalpartners.com/index1c50.html]
[boldcapitalpartners.com/company/synadia/feed/index.html]
[boldcapitalpartners.com/index6fe2.html]
[boldcapitalpartners.com/company/terramera/feed/index.html]
[boldcapitalpartners.com/indexf993.html]
[boldcapitalpartners.com/company/metawave/feed/index.html]
[boldcapitalpartners.com/company/proprio/feed/index.html]
[boldcapitalpartners.com/index8bfb.html]
[boldcapitalpartners.com/wp-json/wp/v2/pages/354.html]
[boldcapitalpartners.com/indexca25.html]
[boldcapitalpartners.com/team/emilio-diez-barroso/feed/index.html]
[boldcapitalpartners.com/indexa102.html]
[boldcapitalpartners.com/company/relativity-space/feed/index.html]
[boldcapitalpartners.com/team/teymour-boutros-ghali/feed/index.html]
[boldcapitalpartners.com/indexd4c3.html]
[boldcapitalpartners.com/wp-json/oembed/1.0/embed67ea]
[boldcapitalpartners.com/team/nanci-del-pico/feed/index.html]
[boldcapitalpartners.com/indexc61a.html]
[boldcapitalpartners.com/index58a0.html]
[boldcapitalpartners.com/company/holoclara/feed/index.html]
[boldcapitalpartners.com/wp-json/oembed/1.0/embed33dc]
[boldcapitalpartners.com/company/meru-health/feed/index.html]
[boldcapitalpartners.com/company/stealth-therapeutics-company/feed/index.html]
[boldcapitalpartners.com/index313f.html]
[boldcapitalpartners.com/company/akitra/feed/index.html]
[boldcapitalpartners.com/index6683.html]
[boldcapitalpartners.com/wp-json/oembed/1.0/embedaaea]
[boldcapitalpartners.com/wp-json/oembed/1.0/embed1513]
[boldcapitalpartners.com/company/crowdz/feed/index.html]
[boldcapitalpartners.com/company/hyperloop/feed/index.html]
[boldcapitalpartners.com/wp-json/oembed/1.0/embed72d1]
[boldcapitalpartners.com/company/metawave/feed/index.html]
[boldcapitalpartners.com/company/relativity-space/feed/index.html]
[boldcapitalpartners.com/company/fountain-therapeutic-services/feed/index.html]
[boldcapitalpartners.com/index3227.html]
[boldcapitalpartners.com/index8374.html]
[boldcapitalpartners.com/wp-json/oembed/1.0/embedd603]
[boldcapitalpartners.com/wp-json/oembed/1.0/embedce7d]
[boldcapitalpartners.com/wp-json/oembed/1.0/embedb888]
[boldcapitalpartners.com/wp-json/oembed/1.0/embed03b4]
[boldcapitalpartners.com/wp-json/oembed/1.0/embed6f08]
[boldcapitalpartners.com/wp-json/oembed/1.0/embed88e5]
